Component: ARM Compiler 5.05 update 1 (build 106) Tool: armlink [4d0efa]

==============================================================================

Section Cross References

    main.o(i.GPIOInit) refers to stm32f4xx_rcc.o(i.RCC_AHB1PeriphClockCmd) for RCC_AHB1PeriphClockCmd
    main.o(i.GPIOInit) refers to stm32f4xx_gpio.o(i.GPIO_Init) for GPIO_Init
    main.o(i.main) refers to main.o(i.GPIOInit) for GPIOInit
    main.o(i.main) refers to tasks.o(i.xTaskGenericCreate) for xTaskGenericCreate
    main.o(i.main) refers to tasks.o(i.vTaskStartScheduler) for vTaskStartScheduler
    main.o(i.main) refers to main.o(.data) for .data
    main.o(i.main) refers to main.o(i.myTask1) for myTask1
    main.o(i.main) refers to main.o(i.myTask2) for myTask2
    main.o(i.main) refers to main.o(i.myTask3) for myTask3
    main.o(i.main) refers to main.o(i.myTask4) for myTask4
    main.o(i.myTask1) refers to tasks.o(i.xTaskGetTickCount) for xTaskGetTickCount
    main.o(i.myTask1) refers to stm32f4xx_gpio.o(i.GPIO_ToggleBits) for GPIO_ToggleBits
    main.o(i.myTask1) refers to tasks.o(i.vTaskDelayUntil) for vTaskDelayUntil
    main.o(i.myTask2) refers to tasks.o(i.xTaskGetTickCount) for xTaskGetTickCount
    main.o(i.myTask2) refers to stm32f4xx_gpio.o(i.GPIO_ToggleBits) for GPIO_ToggleBits
    main.o(i.myTask2) refers to tasks.o(i.vTaskDelayUntil) for vTaskDelayUntil
    main.o(i.myTask3) refers to tasks.o(i.xTaskGetTickCount) for xTaskGetTickCount
    main.o(i.myTask3) refers to stm32f4xx_gpio.o(i.GPIO_ToggleBits) for GPIO_ToggleBits
    main.o(i.myTask3) refers to tasks.o(i.vTaskDelayUntil) for vTaskDelayUntil
    main.o(i.myTask4) refers to tasks.o(i.xTaskGetTickCount) for xTaskGetTickCount
    main.o(i.myTask4) refers to stm32f4xx_gpio.o(i.GPIO_ToggleBits) for GPIO_ToggleBits
    main.o(i.myTask4) refers to tasks.o(i.vTaskDelayUntil) for vTaskDelayUntil
    main.o(i.vApplicationIdleHook) refers to main.o(.data) for .data
    main.o(i.vApplicationMallocFailedHook) refers to port.o(.emb_text) for ulPortSetInterruptMask
    main.o(i.vApplicationTickHook) refers to main.o(.data) for .data
    system_stm32f4xx.o(i.SystemCoreClockUpdate) refers to system_stm32f4xx.o(.data) for .data
    system_stm32f4xx.o(i.SystemInit) refers to system_stm32f4xx.o(i.SetSysClock) for SetSysClock
    startup_stm32f4xx.o(RESET) refers to startup_stm32f4xx.o(STACK) for __initial_sp
    startup_stm32f4xx.o(RESET) refers to startup_stm32f4xx.o(.text) for Reset_Handler
    startup_stm32f4xx.o(RESET) refers to port.o(.emb_text) for SVC_Handler
    startup_stm32f4xx.o(RESET) refers to port.o(i.SysTick_Handler) for SysTick_Handler
    startup_stm32f4xx.o(.text) refers to system_stm32f4xx.o(i.SystemInit) for SystemInit
    startup_stm32f4xx.o(.text) refers to entry.o(.ARM.Collect$$$$00000000) for __main
    stm32f4_discovery.o(i.STM_EVAL_LEDInit) refers to stm32f4xx_rcc.o(i.RCC_AHB1PeriphClockCmd) for RCC_AHB1PeriphClockCmd
    stm32f4_discovery.o(i.STM_EVAL_LEDInit) refers to stm32f4xx_gpio.o(i.GPIO_Init) for GPIO_Init
    stm32f4_discovery.o(i.STM_EVAL_LEDInit) refers to stm32f4_discovery.o(.constdata) for .constdata
    stm32f4_discovery.o(i.STM_EVAL_LEDInit) refers to stm32f4_discovery.o(.data) for .data
    stm32f4_discovery.o(i.STM_EVAL_LEDOff) refers to stm32f4_discovery.o(.constdata) for .constdata
    stm32f4_discovery.o(i.STM_EVAL_LEDOff) refers to stm32f4_discovery.o(.data) for .data
    stm32f4_discovery.o(i.STM_EVAL_LEDOn) refers to stm32f4_discovery.o(.constdata) for .constdata
    stm32f4_discovery.o(i.STM_EVAL_LEDOn) refers to stm32f4_discovery.o(.data) for .data
    stm32f4_discovery.o(i.STM_EVAL_LEDToggle) refers to stm32f4_discovery.o(.data) for .data
    stm32f4_discovery.o(i.STM_EVAL_LEDToggle) refers to stm32f4_discovery.o(.constdata) for .constdata
    stm32f4_discovery.o(i.STM_EVAL_PBGetState) refers to stm32f4xx_gpio.o(i.GPIO_ReadInputDataBit) for GPIO_ReadInputDataBit
    stm32f4_discovery.o(i.STM_EVAL_PBGetState) refers to stm32f4_discovery.o(.constdata) for .constdata
    stm32f4_discovery.o(i.STM_EVAL_PBGetState) refers to stm32f4_discovery.o(.data) for .data
    stm32f4_discovery.o(i.STM_EVAL_PBInit) refers to stm32f4xx_rcc.o(i.RCC_AHB1PeriphClockCmd) for RCC_AHB1PeriphClockCmd
    stm32f4_discovery.o(i.STM_EVAL_PBInit) refers to stm32f4xx_rcc.o(i.RCC_APB2PeriphClockCmd) for RCC_APB2PeriphClockCmd
    stm32f4_discovery.o(i.STM_EVAL_PBInit) refers to stm32f4xx_gpio.o(i.GPIO_Init) for GPIO_Init
    stm32f4_discovery.o(i.STM_EVAL_PBInit) refers to stm32f4xx_syscfg.o(i.SYSCFG_EXTILineConfig) for SYSCFG_EXTILineConfig
    stm32f4_discovery.o(i.STM_EVAL_PBInit) refers to stm32f4xx_exti.o(i.EXTI_Init) for EXTI_Init
    stm32f4_discovery.o(i.STM_EVAL_PBInit) refers to misc.o(i.NVIC_Init) for NVIC_Init
    stm32f4_discovery.o(i.STM_EVAL_PBInit) refers to stm32f4_discovery.o(.constdata) for .constdata
    stm32f4_discovery.o(i.STM_EVAL_PBInit) refers to stm32f4_discovery.o(.data) for .data
[...]
    Removing stm32f4xx_flash.o(i.FLASH_OB_GetRDP), (20 bytes).
    Removing stm32f4xx_flash.o(i.FLASH_OB_GetUser), (16 bytes).
    Removing stm32f4xx_flash.o(i.FLASH_OB_GetWRP), (12 bytes).
    Removing stm32f4xx_flash.o(i.FLASH_OB_Launch), (20 bytes).
    Removing stm32f4xx_flash.o(i.FLASH_OB_Lock), (16 bytes).
    Removing stm32f4xx_flash.o(i.FLASH_OB_RDPConfig), (24 bytes).
    Removing stm32f4xx_flash.o(i.FLASH_OB_Unlock), (36 bytes).
    Removing stm32f4xx_flash.o(i.FLASH_OB_UserConfig), (40 bytes).
    Removing stm32f4xx_flash.o(i.FLASH_OB_WRPConfig), (36 bytes).
    Removing stm32f4xx_flash.o(i.FLASH_PrefetchBufferCmd), (28 bytes).
    Removing stm32f4xx_flash.o(i.FLASH_ProgramByte), (56 bytes).
    Removing stm32f4xx_flash.o(i.FLASH_ProgramDoubleWord), (64 bytes).
    Removing stm32f4xx_flash.o(i.FLASH_ProgramHalfWord), (60 bytes).
    Removing stm32f4xx_flash.o(i.FLASH_ProgramWord), (60 bytes).
    Removing stm32f4xx_flash.o(i.FLASH_SetLatency), (12 bytes).
    Removing stm32f4xx_flash.o(i.FLASH_Unlock), (36 bytes).
    Removing stm32f4xx_flash.o(i.FLASH_WaitForLastOperation), (30 bytes).
    Removing stm32f4xx_fsmc.o(.emb_text), (8 bytes).
    Removing stm32f4xx_fsmc.o(i.FSMC_ClearFlag), (38 bytes).
    Removing stm32f4xx_fsmc.o(i.FSMC_ClearITPendingBit), (44 bytes).
    Removing stm32f4xx_fsmc.o(i.FSMC_GetECC), (18 bytes).
    Removing stm32f4xx_fsmc.o(i.FSMC_GetFlagStatus), (40 bytes).
    Removing stm32f4xx_fsmc.o(i.FSMC_GetITStatus), (48 bytes).
    Removing stm32f4xx_fsmc.o(i.FSMC_ITConfig), (72 bytes).
    Removing stm32f4xx_fsmc.o(i.FSMC_NANDCmd), (56 bytes).
    Removing stm32f4xx_fsmc.o(i.FSMC_NANDDeInit), (40 bytes).
    Removing stm32f4xx_fsmc.o(i.FSMC_NANDECCCmd), (56 bytes).
    Removing stm32f4xx_fsmc.o(i.FSMC_NANDInit), (104 bytes).
    Removing stm32f4xx_fsmc.o(i.FSMC_NANDStructInit), (54 bytes).
    Removing stm32f4xx_fsmc.o(i.FSMC_NORSRAMCmd), (32 bytes).
    Removing stm32f4xx_fsmc.o(i.FSMC_NORSRAMDeInit), (40 bytes).
    Removing stm32f4xx_fsmc.o(i.FSMC_NORSRAMInit), (200 bytes).
    Removing stm32f4xx_fsmc.o(i.FSMC_NORSRAMStructInit), (98 bytes).
    Removing stm32f4xx_fsmc.o(i.FSMC_PCCARDCmd), (32 bytes).
    Removing stm32f4xx_fsmc.o(i.FSMC_PCCARDDeInit), (26 bytes).
    Removing stm32f4xx_fsmc.o(i.FSMC_PCCARDInit), (102 bytes).
    Removing stm32f4xx_fsmc.o(i.FSMC_PCCARDStructInit), (60 bytes).
    Removing stm32f4xx_gpio.o(.emb_text), (8 bytes).
    Removing stm32f4xx_gpio.o(i.GPIO_DeInit), (228 bytes).
    Removing stm32f4xx_gpio.o(i.GPIO_PinAFConfig), (32 bytes).
    Removing stm32f4xx_gpio.o(i.GPIO_PinLockConfig), (24 bytes).
    Removing stm32f4xx_gpio.o(i.GPIO_ReadInputData), (6 bytes).
    Removing stm32f4xx_gpio.o(i.GPIO_ReadInputDataBit), (14 bytes).
    Removing stm32f4xx_gpio.o(i.GPIO_ReadOutputData), (6 bytes).
    Removing stm32f4xx_gpio.o(i.GPIO_ReadOutputDataBit), (14 bytes).
    Removing stm32f4xx_gpio.o(i.GPIO_ResetBits), (4 bytes).
    Removing stm32f4xx_gpio.o(i.GPIO_SetBits), (4 bytes).
    Removing stm32f4xx_gpio.o(i.GPIO_StructInit), (18 bytes).
    Removing stm32f4xx_gpio.o(i.GPIO_Write), (4 bytes).
    Removing stm32f4xx_gpio.o(i.GPIO_WriteBit), (10 bytes).
    Removing stm32f4xx_hash.o(.emb_text), (8 bytes).
    Removing stm32f4xx_hash.o(i.HASH_ClearFlag), (12 bytes).
    Removing stm32f4xx_hash.o(i.HASH_ClearITPendingBit), (16 bytes).
    Removing stm32f4xx_hash.o(i.HASH_DMACmd), (28 bytes).
    Removing stm32f4xx_hash.o(i.HASH_DataIn), (12 bytes).
    Removing stm32f4xx_hash.o(i.HASH_DeInit), (22 bytes).
    Removing stm32f4xx_hash.o(i.HASH_GetDigest), (44 bytes).
    Removing stm32f4xx_hash.o(i.HASH_GetFlagStatus), (32 bytes).
    Removing stm32f4xx_hash.o(i.HASH_GetITStatus), (28 bytes).
    Removing stm32f4xx_hash.o(i.HASH_GetInFIFOWordsNbr), (16 bytes).
    Removing stm32f4xx_hash.o(i.HASH_ITConfig), (28 bytes).
    Removing stm32f4xx_hash.o(i.HASH_Init), (64 bytes).
    Removing stm32f4xx_hash.o(i.HASH_Reset), (16 bytes).
    Removing stm32f4xx_hash.o(i.HASH_RestoreContext), (68 bytes).
    Removing stm32f4xx_hash.o(i.HASH_SaveContext), (60 bytes).
    Removing stm32f4xx_hash.o(i.HASH_SetLastWordValidBitsNbr), (24 bytes).
    Removing stm32f4xx_hash.o(i.HASH_StartDigest), (16 bytes).
    Removing stm32f4xx_hash.o(i.HASH_StructInit), (12 bytes).
    Removing stm32f4xx_hash_md5.o(.emb_text), (8 bytes).
    Removing stm32f4xx_hash_md5.o(i.HASH_MD5), (158 bytes).
    Removing stm32f4xx_hash_md5.o(i.HMAC_MD5), (320 bytes).
    Removing stm32f4xx_hash_sha1.o(.emb_text), (8 bytes).
    Removing stm32f4xx_hash_sha1.o(i.HASH_SHA1), (164 bytes).
    Removing stm32f4xx_hash_sha1.o(i.HMAC_SHA1), (324 bytes).
    Removing stm32f4xx_i2c.o(.emb_text), (8 bytes).
    Removing stm32f4xx_i2c.o(i.I2C_ARPCmd), (20 bytes).
    Removing stm32f4xx_i2c.o(i.I2C_AcknowledgeConfig), (20 bytes).
    Removing stm32f4xx_i2c.o(i.I2C_CalculatePEC), (20 bytes).
    Removing stm32f4xx_i2c.o(i.I2C_CheckEvent), (24 bytes).
    Removing stm32f4xx_i2c.o(i.I2C_ClearFlag), (6 bytes).
    Removing stm32f4xx_i2c.o(i.I2C_ClearITPendingBit), (6 bytes).
    Removing stm32f4xx_i2c.o(i.I2C_Cmd), (20 bytes).
    Removing stm32f4xx_i2c.o(i.I2C_DMACmd), (20 bytes).
    Removing stm32f4xx_i2c.o(i.I2C_DMALastTransferCmd), (20 bytes).
    Removing stm32f4xx_i2c.o(i.I2C_DeInit), (68 bytes).
    Removing stm32f4xx_i2c.o(i.I2C_DualAddressCmd), (20 bytes).
    Removing stm32f4xx_i2c.o(i.I2C_FastModeDutyCycleConfig), (22 bytes).
    Removing stm32f4xx_i2c.o(i.I2C_GeneralCallCmd), (20 bytes).
    Removing stm32f4xx_i2c.o(i.I2C_GenerateSTART), (20 bytes).
    Removing stm32f4xx_i2c.o(i.I2C_GenerateSTOP), (20 bytes).
    Removing stm32f4xx_i2c.o(i.I2C_GetFlagStatus), (42 bytes).
    Removing stm32f4xx_i2c.o(i.I2C_GetITStatus), (36 bytes).
    Removing stm32f4xx_i2c.o(i.I2C_GetLastEvent), (14 bytes).
    Removing stm32f4xx_i2c.o(i.I2C_GetPEC), (6 bytes).
    Removing stm32f4xx_i2c.o(i.I2C_ITConfig), (16 bytes).
    Removing stm32f4xx_i2c.o(i.I2C_Init), (184 bytes).
    Removing stm32f4xx_i2c.o(i.I2C_NACKPositionConfig), (22 bytes).
    Removing stm32f4xx_i2c.o(i.I2C_OwnAddress2Config), (16 bytes).
    Removing stm32f4xx_i2c.o(i.I2C_PECPositionConfig), (22 bytes).
    Removing stm32f4xx_i2c.o(i.I2C_ReadRegister), (10 bytes).
    Removing stm32f4xx_i2c.o(i.I2C_ReceiveData), (6 bytes).
    Removing stm32f4xx_i2c.o(i.I2C_SMBusAlertConfig), (22 bytes).
    Removing stm32f4xx_i2c.o(i.I2C_Send7bitAddress), (16 bytes).
    Removing stm32f4xx_i2c.o(i.I2C_SendData), (4 bytes).
    Removing stm32f4xx_i2c.o(i.I2C_SoftwareResetCmd), (20 bytes).
    Removing stm32f4xx_i2c.o(i.I2C_StretchClockCmd), (20 bytes).
    Removing stm32f4xx_i2c.o(i.I2C_StructInit), (28 bytes).
    Removing stm32f4xx_i2c.o(i.I2C_TransmitPEC), (20 bytes).
    Removing stm32f4xx_iwdg.o(.emb_text), (8 bytes).
    Removing stm32f4xx_iwdg.o(i.IWDG_Enable), (16 bytes).
    Removing stm32f4xx_iwdg.o(i.IWDG_GetFlagStatus), (20 bytes).
    Removing stm32f4xx_iwdg.o(i.IWDG_ReloadCounter), (16 bytes).
    Removing stm32f4xx_iwdg.o(i.IWDG_SetPrescaler), (12 bytes).
    Removing stm32f4xx_iwdg.o(i.IWDG_SetReload), (12 bytes).
    Removing stm32f4xx_iwdg.o(i.IWDG_WriteAccessCmd), (12 bytes).
    Removing stm32f4xx_pwr.o(.emb_text), (8 bytes).
    Removing stm32f4xx_pwr.o(i.PWR_BackupAccessCmd), (12 bytes).
    Removing stm32f4xx_pwr.o(i.PWR_BackupRegulatorCmd), (12 bytes).
    Removing stm32f4xx_pwr.o(i.PWR_ClearFlag), (16 bytes).
    Removing stm32f4xx_pwr.o(i.PWR_DeInit), (24 bytes).
    Removing stm32f4xx_pwr.o(i.PWR_EnterSTANDBYMode), (40 bytes).
    Removing stm32f4xx_pwr.o(i.PWR_EnterSTOPMode), (52 bytes).
    Removing stm32f4xx_pwr.o(i.PWR_FlashPowerDownCmd), (12 bytes).
    Removing stm32f4xx_pwr.o(i.PWR_GetFlagStatus), (20 bytes).
    Removing stm32f4xx_pwr.o(i.PWR_MainRegulatorModeConfig), (28 bytes).
    Removing stm32f4xx_pwr.o(i.PWR_PVDCmd), (12 bytes).
    Removing stm32f4xx_pwr.o(i.PWR_PVDLevelConfig), (20 bytes).
    Removing stm32f4xx_pwr.o(i.PWR_WakeUpPinCmd), (12 bytes).
    Removing stm32f4xx_rcc.o(.emb_text), (8 bytes).
    Removing stm32f4xx_rcc.o(i.RCC_AHB1PeriphClockLPModeCmd), (24 bytes).
    Removing stm32f4xx_rcc.o(i.RCC_AHB1PeriphResetCmd), (24 bytes).
    Removing stm32f4xx_rcc.o(i.RCC_AHB2PeriphClockCmd), (24 bytes).
    Removing stm32f4xx_rcc.o(i.RCC_AHB2PeriphClockLPModeCmd), (24 bytes).
    Removing stm32f4xx_rcc.o(i.RCC_AHB2PeriphResetCmd), (24 bytes).
    Removing stm32f4xx_rcc.o(i.RCC_AHB3PeriphClockCmd), (24 bytes).
    Removing stm32f4xx_rcc.o(i.RCC_AHB3PeriphClockLPModeCmd), (24 bytes).
    Removing stm32f4xx_rcc.o(i.RCC_AHB3PeriphResetCmd), (24 bytes).
    Removing stm32f4xx_rcc.o(i.RCC_APB1PeriphClockCmd), (24 bytes).
    Removing stm32f4xx_rcc.o(i.RCC_APB1PeriphClockLPModeCmd), (24 bytes).
    Removing stm32f4xx_rcc.o(i.RCC_APB1PeriphResetCmd), (24 bytes).
    Removing stm32f4xx_rcc.o(i.RCC_APB2PeriphClockCmd), (24 bytes).
    Removing stm32f4xx_rcc.o(i.RCC_APB2PeriphClockLPModeCmd), (24 bytes).
    Removing stm32f4xx_rcc.o(i.RCC_APB2PeriphResetCmd), (24 bytes).
    Removing stm32f4xx_rcc.o(i.RCC_AdjustHSICalibrationValue), (20 bytes).
    Removing stm32f4xx_rcc.o(i.RCC_BackupResetCmd), (12 bytes).
    Removing stm32f4xx_rcc.o(i.RCC_ClearFlag), (16 bytes).
    Removing stm32f4xx_rcc.o(i.RCC_ClearITPendingBit), (12 bytes).
    Removing stm32f4xx_rcc.o(i.RCC_ClockSecuritySystemCmd), (12 bytes).
    Removing stm32f4xx_rcc.o(i.RCC_DeInit), (60 bytes).
    Removing stm32f4xx_rcc.o(i.RCC_GetClocksFreq), (144 bytes).
    Removing stm32f4xx_rcc.o(i.RCC_GetFlagStatus), (52 bytes).
    Removing stm32f4xx_rcc.o(i.RCC_GetITStatus), (20 bytes).
    Removing stm32f4xx_rcc.o(i.RCC_GetSYSCLKSource), (16 bytes).
    Removing stm32f4xx_rcc.o(i.RCC_HCLKConfig), (20 bytes).
    Removing stm32f4xx_rcc.o(i.RCC_HSEConfig), (16 bytes).
    Removing stm32f4xx_rcc.o(i.RCC_HSICmd), (12 bytes).
    Removing stm32f4xx_rcc.o(i.RCC_I2SCLKConfig), (12 bytes).
    Removing stm32f4xx_rcc.o(i.RCC_ITConfig), (24 bytes).
    Removing stm32f4xx_rcc.o(i.RCC_LSEConfig), (28 bytes).
    Removing stm32f4xx_rcc.o(i.RCC_LSICmd), (12 bytes).
    Removing stm32f4xx_rcc.o(i.RCC_MCO1Config), (20 bytes).
    Removing stm32f4xx_rcc.o(i.RCC_MCO2Config), (20 bytes).
    Removing stm32f4xx_rcc.o(i.RCC_PCLK1Config), (20 bytes).
    Removing stm32f4xx_rcc.o(i.RCC_PCLK2Config), (20 bytes).
    Removing stm32f4xx_rcc.o(i.RCC_PLLCmd), (12 bytes).
    Removing stm32f4xx_rcc.o(i.RCC_PLLConfig), (40 bytes).
    Removing stm32f4xx_rcc.o(i.RCC_PLLI2SCmd), (12 bytes).
    Removing stm32f4xx_rcc.o(i.RCC_PLLI2SConfig), (16 bytes).
    Removing stm32f4xx_rcc.o(i.RCC_RTCCLKCmd), (12 bytes).
    Removing stm32f4xx_rcc.o(i.RCC_RTCCLKConfig), (48 bytes).
    Removing stm32f4xx_rcc.o(i.RCC_SYSCLKConfig), (20 bytes).
    Removing stm32f4xx_rcc.o(i.RCC_WaitForHSEStartUp), (44 bytes).
    Removing stm32f4xx_rcc.o(.data), (16 bytes).
    Removing stm32f4xx_rng.o(.emb_text), (8 bytes).
    Removing stm32f4xx_rng.o(i.RNG_ClearFlag), (16 bytes).
    Removing stm32f4xx_rng.o(i.RNG_ClearITPendingBit), (16 bytes).
    Removing stm32f4xx_rng.o(i.RNG_Cmd), (28 bytes).
    Removing stm32f4xx_rng.o(i.RNG_DeInit), (22 bytes).
    Removing stm32f4xx_rng.o(i.RNG_GetFlagStatus), (20 bytes).
    Removing stm32f4xx_rng.o(i.RNG_GetITStatus), (20 bytes).
    Removing stm32f4xx_rng.o(i.RNG_GetRandomNumber), (12 bytes).
    Removing stm32f4xx_rng.o(i.RNG_ITConfig), (28 bytes).
    Removing stm32f4xx_rtc.o(.emb_text), (8 bytes).
    Removing stm32f4xx_rtc.o(i.RTC_AlarmCmd), (84 bytes).
    Removing stm32f4xx_rtc.o(i.RTC_AlarmStructInit), (20 bytes).
    Removing stm32f4xx_rtc.o(i.RTC_AlarmSubSecondConfig), (44 bytes).
    Removing stm32f4xx_rtc.o(i.RTC_Bcd2ToByte), (18 bytes).
    Removing stm32f4xx_rtc.o(i.RTC_BypassShadowCmd), (44 bytes).
    Removing stm32f4xx_rtc.o(i.RTC_ByteToBcd2), (24 bytes).
    Removing stm32f4xx_rtc.o(i.RTC_CalibOutputCmd), (44 bytes).
    Removing stm32f4xx_rtc.o(i.RTC_CalibOutputConfig), (40 bytes).
    Removing stm32f4xx_rtc.o(i.RTC_ClearFlag), (28 bytes).
    Removing stm32f4xx_rtc.o(i.RTC_ClearITPendingBit), (28 bytes).
    Removing stm32f4xx_rtc.o(i.RTC_CoarseCalibCmd), (60 bytes).
    Removing stm32f4xx_rtc.o(i.RTC_CoarseCalibConfig), (52 bytes).
    Removing stm32f4xx_rtc.o(i.RTC_DateStructInit), (14 bytes).
    Removing stm32f4xx_rtc.o(i.RTC_DayLightSavingConfig), (44 bytes).
    Removing stm32f4xx_rtc.o(i.RTC_DeInit), (152 bytes).
    Removing stm32f4xx_rtc.o(i.RTC_EnterInitMode), (60 bytes).
    Removing stm32f4xx_rtc.o(i.RTC_ExitInitMode), (16 bytes).
    Removing stm32f4xx_rtc.o(i.RTC_GetAlarm), (108 bytes).
    Removing stm32f4xx_rtc.o(i.RTC_GetAlarmSubSecond), (28 bytes).
    Removing stm32f4xx_rtc.o(i.RTC_GetDate), (72 bytes).
    Removing stm32f4xx_rtc.o(i.RTC_GetFlagStatus), (28 bytes).
    Removing stm32f4xx_rtc.o(i.RTC_GetITStatus), (56 bytes).
    Removing stm32f4xx_rtc.o(i.RTC_GetStoreOperation), (16 bytes).
    Removing stm32f4xx_rtc.o(i.RTC_GetSubSecond), (16 bytes).
    Removing stm32f4xx_rtc.o(i.RTC_GetTime), (76 bytes).
    Removing stm32f4xx_rtc.o(i.RTC_GetTimeStamp), (136 bytes).
    Removing stm32f4xx_rtc.o(i.RTC_GetTimeStampSubSecond), (12 bytes).
    Removing stm32f4xx_rtc.o(i.RTC_GetWakeUpCounter), (12 bytes).
    Removing stm32f4xx_rtc.o(i.RTC_ITConfig), (64 bytes).
    Removing stm32f4xx_rtc.o(i.RTC_Init), (80 bytes).
    Removing stm32f4xx_rtc.o(i.RTC_OutputConfig), (44 bytes).
    Removing stm32f4xx_rtc.o(i.RTC_OutputTypeConfig), (24 bytes).
    Removing stm32f4xx_rtc.o(i.RTC_ReadBackupRegister), (20 bytes).
    Removing stm32f4xx_rtc.o(i.RTC_RefClockCmd), (60 bytes).
    Removing stm32f4xx_rtc.o(i.RTC_SetAlarm), (164 bytes).
    Removing stm32f4xx_rtc.o(i.RTC_SetDate), (144 bytes).
    Removing stm32f4xx_rtc.o(i.RTC_SetTime), (152 bytes).
    Removing stm32f4xx_rtc.o(i.RTC_SetWakeUpCounter), (28 bytes).
    Removing stm32f4xx_rtc.o(i.RTC_SmoothCalibConfig), (76 bytes).
    Removing stm32f4xx_rtc.o(i.RTC_StructInit), (14 bytes).
    Removing stm32f4xx_rtc.o(i.RTC_SynchroShiftConfig), (88 bytes).
    Removing stm32f4xx_rtc.o(i.RTC_TamperCmd), (24 bytes).
    Removing stm32f4xx_rtc.o(i.RTC_TamperFilterConfig), (24 bytes).
    Removing stm32f4xx_rtc.o(i.RTC_TamperPinSelection), (24 bytes).
    Removing stm32f4xx_rtc.o(i.RTC_TamperPinsPrechargeDuration), (24 bytes).
    Removing stm32f4xx_rtc.o(i.RTC_TamperPullUpCmd), (28 bytes).
    Removing stm32f4xx_rtc.o(i.RTC_TamperSamplingFreqConfig), (24 bytes).
    Removing stm32f4xx_rtc.o(i.RTC_TamperTriggerConfig), (28 bytes).
    Removing stm32f4xx_rtc.o(i.RTC_TimeStampCmd), (48 bytes).
    Removing stm32f4xx_rtc.o(i.RTC_TimeStampOnTamperDetectionCmd), (28 bytes).
    Removing stm32f4xx_rtc.o(i.RTC_TimeStampPinSelection), (24 bytes).
    Removing stm32f4xx_rtc.o(i.RTC_TimeStructInit), (12 bytes).
    Removing stm32f4xx_rtc.o(i.RTC_WaitForSynchro), (76 bytes).
    Removing stm32f4xx_rtc.o(i.RTC_WakeUpClockConfig), (40 bytes).
    Removing stm32f4xx_rtc.o(i.RTC_WakeUpCmd), (88 bytes).
    Removing stm32f4xx_rtc.o(i.RTC_WriteBackupRegister), (20 bytes).
    Removing stm32f4xx_rtc.o(i.RTC_WriteProtectionCmd), (24 bytes).
    Removing stm32f4xx_sdio.o(.emb_text), (8 bytes).
    Removing stm32f4xx_sdio.o(i.SDIO_CEATAITCmd), (16 bytes).
    Removing stm32f4xx_sdio.o(i.SDIO_ClearFlag), (12 bytes).
    Removing stm32f4xx_sdio.o(i.SDIO_ClearITPendingBit), (12 bytes).
    Removing stm32f4xx_sdio.o(i.SDIO_ClockCmd), (12 bytes).
    Removing stm32f4xx_sdio.o(i.SDIO_CmdStructInit), (14 bytes).
    Removing stm32f4xx_sdio.o(i.SDIO_CommandCompletionCmd), (12 bytes).
    Removing stm32f4xx_sdio.o(i.SDIO_DMACmd), (12 bytes).
    Removing stm32f4xx_sdio.o(i.SDIO_DataConfig), (48 bytes).
    Removing stm32f4xx_sdio.o(i.SDIO_DataStructInit), (20 bytes).
    Removing stm32f4xx_sdio.o(i.SDIO_DeInit), (24 bytes).
    Removing stm32f4xx_sdio.o(i.SDIO_GetCommandResponse), (12 bytes).
    Removing stm32f4xx_sdio.o(i.SDIO_GetDataCounter), (12 bytes).
    Removing stm32f4xx_sdio.o(i.SDIO_GetFIFOCount), (12 bytes).
    Removing stm32f4xx_sdio.o(i.SDIO_GetFlagStatus), (20 bytes).
    Removing stm32f4xx_sdio.o(i.SDIO_GetITStatus), (20 bytes).
    Removing stm32f4xx_sdio.o(i.SDIO_GetPowerState), (16 bytes).
    Removing stm32f4xx_sdio.o(i.SDIO_GetResponse), (16 bytes).
    Removing stm32f4xx_sdio.o(i.SDIO_ITConfig), (24 bytes).
    Removing stm32f4xx_sdio.o(i.SDIO_Init), (44 bytes).
    Removing stm32f4xx_sdio.o(i.SDIO_ReadData), (12 bytes).
    Removing stm32f4xx_sdio.o(i.SDIO_SendCEATACmd), (12 bytes).
    Removing stm32f4xx_sdio.o(i.SDIO_SendCommand), (40 bytes).
    Removing stm32f4xx_sdio.o(i.SDIO_SendSDIOSuspendCmd), (12 bytes).
    Removing stm32f4xx_sdio.o(i.SDIO_SetPowerState), (12 bytes).
    Removing stm32f4xx_sdio.o(i.SDIO_SetSDIOOperation), (12 bytes).
    Removing stm32f4xx_sdio.o(i.SDIO_SetSDIOReadWaitMode), (12 bytes).
    Removing stm32f4xx_sdio.o(i.SDIO_StartSDIOReadWait), (12 bytes).
    Removing stm32f4xx_sdio.o(i.SDIO_StopSDIOReadWait), (12 bytes).
    Removing stm32f4xx_sdio.o(i.SDIO_StructInit), (16 bytes).
    Removing stm32f4xx_sdio.o(i.SDIO_WriteData), (12 bytes).
    Removing stm32f4xx_spi.o(.emb_text), (8 bytes).
    Removing stm32f4xx_spi.o(i.I2S_Cmd), (20 bytes).
    Removing stm32f4xx_spi.o(i.I2S_FullDuplexConfig), (58 bytes).
    Removing stm32f4xx_spi.o(i.I2S_Init), (200 bytes).
    Removing stm32f4xx_spi.o(i.I2S_StructInit), (18 bytes).
    Removing stm32f4xx_spi.o(i.SPI_BiDirectionalLineConfig), (22 bytes).
    Removing stm32f4xx_spi.o(i.SPI_CalculateCRC), (20 bytes).
    Removing stm32f4xx_spi.o(i.SPI_Cmd), (20 bytes).
    Removing stm32f4xx_spi.o(i.SPI_DataSizeConfig), (16 bytes).
    Removing stm32f4xx_spi.o(i.SPI_GetCRC), (12 bytes).
    Removing stm32f4xx_spi.o(i.SPI_GetCRCPolynomial), (4 bytes).
    Removing stm32f4xx_spi.o(i.SPI_I2S_ClearFlag), (6 bytes).
    Removing stm32f4xx_spi.o(i.SPI_I2S_ClearITPendingBit), (14 bytes).
    Removing stm32f4xx_spi.o(i.SPI_I2S_DMACmd), (16 bytes).
    Removing stm32f4xx_spi.o(i.SPI_I2S_DeInit), (84 bytes).
    Removing stm32f4xx_spi.o(i.SPI_I2S_GetFlagStatus), (14 bytes).
    Removing stm32f4xx_spi.o(i.SPI_I2S_GetITStatus), (42 bytes).
    Removing stm32f4xx_spi.o(i.SPI_I2S_ITConfig), (24 bytes).
    Removing stm32f4xx_spi.o(i.SPI_I2S_ReceiveData), (4 bytes).
    Removing stm32f4xx_spi.o(i.SPI_I2S_SendData), (4 bytes).
    Removing stm32f4xx_spi.o(i.SPI_Init), (56 bytes).
    Removing stm32f4xx_spi.o(i.SPI_NSSInternalSoftwareConfig), (24 bytes).
    Removing stm32f4xx_spi.o(i.SPI_SSOutputCmd), (20 bytes).
    Removing stm32f4xx_spi.o(i.SPI_StructInit), (24 bytes).
    Removing stm32f4xx_spi.o(i.SPI_TIModeCmd), (20 bytes).
    Removing stm32f4xx_spi.o(i.SPI_TransmitCRC), (10 bytes).
    Removing stm32f4xx_syscfg.o(.emb_text), (8 bytes).
    Removing stm32f4xx_syscfg.o(i.SYSCFG_CompensationCellCmd), (12 bytes).
    Removing stm32f4xx_syscfg.o(i.SYSCFG_DeInit), (24 bytes).
    Removing stm32f4xx_syscfg.o(i.SYSCFG_ETH_MediaInterfaceConfig), (12 bytes).
    Removing stm32f4xx_syscfg.o(i.SYSCFG_EXTILineConfig), (48 bytes).
    Removing stm32f4xx_syscfg.o(i.SYSCFG_GetCompensationCellStatus), (20 bytes).
    Removing stm32f4xx_syscfg.o(i.SYSCFG_MemoryRemapConfig), (12 bytes).
    Removing stm32f4xx_tim.o(.emb_text), (8 bytes).
    Removing stm32f4xx_tim.o(i.TI1_Config), (46 bytes).
    Removing stm32f4xx_tim.o(i.TI2_Config), (54 bytes).
    Removing stm32f4xx_tim.o(i.TIM_ARRPreloadConfig), (20 bytes).
    Removing stm32f4xx_tim.o(i.TIM_BDTRConfig), (34 bytes).
    Removing stm32f4xx_tim.o(i.TIM_BDTRStructInit), (18 bytes).
    Removing stm32f4xx_tim.o(i.TIM_CCPreloadControl), (20 bytes).
    Removing stm32f4xx_tim.o(i.TIM_CCxCmd), (22 bytes).
    Removing stm32f4xx_tim.o(i.TIM_CCxNCmd), (22 bytes).
    Removing stm32f4xx_tim.o(i.TIM_ClearFlag), (6 bytes).
    Removing stm32f4xx_tim.o(i.TIM_ClearITPendingBit), (6 bytes).
    Removing stm32f4xx_tim.o(i.TIM_ClearOC1Ref), (12 bytes).
    Removing stm32f4xx_tim.o(i.TIM_ClearOC2Ref), (20 bytes).
    Removing stm32f4xx_tim.o(i.TIM_ClearOC3Ref), (12 bytes).
    Removing stm32f4xx_tim.o(i.TIM_ClearOC4Ref), (20 bytes).
    Removing stm32f4xx_tim.o(i.TIM_Cmd), (20 bytes).
    Removing stm32f4xx_tim.o(i.TIM_CounterModeConfig), (12 bytes).
    Removing stm32f4xx_tim.o(i.TIM_CtrlPWMOutputs), (22 bytes).
    Removing stm32f4xx_tim.o(i.TIM_DMACmd), (16 bytes).
    Removing stm32f4xx_tim.o(i.TIM_DMAConfig), (8 bytes).
    Removing stm32f4xx_tim.o(i.TIM_DeInit), (336 bytes).
    Removing stm32f4xx_tim.o(i.TIM_ETRClockMode1Config), (18 bytes).
    Removing stm32f4xx_tim.o(i.TIM_ETRClockMode2Config), (18 bytes).
    Removing stm32f4xx_tim.o(i.TIM_ETRConfig), (24 bytes).
    Removing stm32f4xx_tim.o(i.TIM_EncoderInterfaceConfig), (50 bytes).
    Removing stm32f4xx_tim.o(i.TIM_ForcedOC1Config), (12 bytes).
    Removing stm32f4xx_tim.o(i.TIM_ForcedOC2Config), (20 bytes).
    Removing stm32f4xx_tim.o(i.TIM_ForcedOC3Config), (12 bytes).
    Removing stm32f4xx_tim.o(i.TIM_ForcedOC4Config), (20 bytes).
    Removing stm32f4xx_tim.o(i.TIM_GenerateEvent), (4 bytes).
    Removing stm32f4xx_tim.o(i.TIM_GetCapture1), (4 bytes).
    Removing stm32f4xx_tim.o(i.TIM_GetCapture2), (4 bytes).
    Removing stm32f4xx_tim.o(i.TIM_GetCapture3), (4 bytes).
    Removing stm32f4xx_tim.o(i.TIM_GetCapture4), (4 bytes).
    Removing stm32f4xx_tim.o(i.TIM_GetCounter), (4 bytes).
    Removing stm32f4xx_tim.o(i.TIM_GetFlagStatus), (14 bytes).
    Removing stm32f4xx_tim.o(i.TIM_GetITStatus), (24 bytes).
    Removing stm32f4xx_tim.o(i.TIM_GetPrescaler), (4 bytes).
    Removing stm32f4xx_tim.o(i.TIM_ICInit), (172 bytes).
    Removing stm32f4xx_tim.o(i.TIM_ICStructInit), (16 bytes).
    Removing stm32f4xx_tim.o(i.TIM_ITConfig), (16 bytes).
    Removing stm32f4xx_tim.o(i.TIM_ITRxExternalClockConfig), (18 bytes).
    Removing stm32f4xx_tim.o(i.TIM_InternalClockConfig), (10 bytes).
    Removing stm32f4xx_tim.o(i.TIM_OC1FastConfig), (12 bytes).
    Removing stm32f4xx_tim.o(i.TIM_OC1Init), (96 bytes).
    Removing stm32f4xx_tim.o(i.TIM_OC1NPolarityConfig), (12 bytes).
    Removing stm32f4xx_tim.o(i.TIM_OC1PolarityConfig), (12 bytes).
    Removing stm32f4xx_tim.o(i.TIM_OC1PreloadConfig), (12 bytes).
    Removing stm32f4xx_tim.o(i.TIM_OC2FastConfig), (20 bytes).
    Removing stm32f4xx_tim.o(i.TIM_OC2Init), (128 bytes).
    Removing stm32f4xx_tim.o(i.TIM_OC2NPolarityConfig), (20 bytes).
    Removing stm32f4xx_tim.o(i.TIM_OC2PolarityConfig), (20 bytes).
    Removing stm32f4xx_tim.o(i.TIM_OC2PreloadConfig), (20 bytes).
    Removing stm32f4xx_tim.o(i.TIM_OC3FastConfig), (12 bytes).
    Removing stm32f4xx_tim.o(i.TIM_OC3Init), (124 bytes).
    Removing stm32f4xx_tim.o(i.TIM_OC3NPolarityConfig), (20 bytes).
    Removing stm32f4xx_tim.o(i.TIM_OC3PolarityConfig), (20 bytes).
    Removing stm32f4xx_tim.o(i.TIM_OC3PreloadConfig), (12 bytes).
    Removing stm32f4xx_tim.o(i.TIM_OC4FastConfig), (20 bytes).
    Removing stm32f4xx_tim.o(i.TIM_OC4Init), (96 bytes).
    Removing stm32f4xx_tim.o(i.TIM_OC4PolarityConfig), (20 bytes).
    Removing stm32f4xx_tim.o(i.TIM_OC4PreloadConfig), (20 bytes).
    Removing stm32f4xx_tim.o(i.TIM_OCStructInit), (20 bytes).
    Removing stm32f4xx_tim.o(i.TIM_PWMIConfig), (108 bytes).
    Removing stm32f4xx_tim.o(i.TIM_PrescalerConfig), (6 bytes).
    Removing stm32f4xx_tim.o(i.TIM_RemapConfig), (6 bytes).
    Removing stm32f4xx_tim.o(i.TIM_SelectCCDMA), (20 bytes).
    Removing stm32f4xx_tim.o(i.TIM_SelectCOM), (20 bytes).
    Removing stm32f4xx_tim.o(i.TIM_SelectHallSensor), (20 bytes).
    Removing stm32f4xx_tim.o(i.TIM_SelectInputTrigger), (12 bytes).
    Removing stm32f4xx_tim.o(i.TIM_SelectMasterSlaveMode), (16 bytes).
    Removing stm32f4xx_tim.o(i.TIM_SelectOCxM), (74 bytes).
    Removing stm32f4xx_tim.o(i.TIM_SelectOnePulseMode), (16 bytes).
    Removing stm32f4xx_tim.o(i.TIM_SelectOutputTrigger), (16 bytes).
    Removing stm32f4xx_tim.o(i.TIM_SelectSlaveMode), (16 bytes).
    Removing stm32f4xx_tim.o(i.TIM_SetAutoreload), (4 bytes).
    Removing stm32f4xx_tim.o(i.TIM_SetClockDivision), (16 bytes).
    Removing stm32f4xx_tim.o(i.TIM_SetCompare1), (4 bytes).
    Removing stm32f4xx_tim.o(i.TIM_SetCompare2), (4 bytes).
    Removing stm32f4xx_tim.o(i.TIM_SetCompare3), (4 bytes).
    Removing stm32f4xx_tim.o(i.TIM_SetCompare4), (4 bytes).
    Removing stm32f4xx_tim.o(i.TIM_SetCounter), (4 bytes).
    Removing stm32f4xx_tim.o(i.TIM_SetIC1Prescaler), (16 bytes).
    Removing stm32f4xx_tim.o(i.TIM_SetIC2Prescaler), (24 bytes).
    Removing stm32f4xx_tim.o(i.TIM_SetIC3Prescaler), (16 bytes).
    Removing stm32f4xx_tim.o(i.TIM_SetIC4Prescaler), (24 bytes).
    Removing stm32f4xx_tim.o(i.TIM_TIxExternalClockConfig), (46 bytes).
    Removing stm32f4xx_tim.o(i.TIM_TimeBaseInit), (124 bytes).
    Removing stm32f4xx_tim.o(i.TIM_TimeBaseStructInit), (18 bytes).
    Removing stm32f4xx_tim.o(i.TIM_UpdateDisableConfig), (20 bytes).
    Removing stm32f4xx_tim.o(i.TIM_UpdateRequestConfig), (20 bytes).
    Removing stm32f4xx_usart.o(.emb_text), (8 bytes).
    Removing stm32f4xx_usart.o(i.USART_ClearFlag), (6 bytes).
    Removing stm32f4xx_usart.o(i.USART_ClearITPendingBit), (12 bytes).
    Removing stm32f4xx_usart.o(i.USART_ClockInit), (28 bytes).
    Removing stm32f4xx_usart.o(i.USART_ClockStructInit), (12 bytes).
    Removing stm32f4xx_usart.o(i.USART_Cmd), (20 bytes).
    Removing stm32f4xx_usart.o(i.USART_DMACmd), (16 bytes).
    Removing stm32f4xx_usart.o(i.USART_DeInit), (140 bytes).
    Removing stm32f4xx_usart.o(i.USART_GetFlagStatus), (14 bytes).
    Removing stm32f4xx_usart.o(i.USART_GetITStatus), (62 bytes).
    Removing stm32f4xx_usart.o(i.USART_HalfDuplexCmd), (20 bytes).
    Removing stm32f4xx_usart.o(i.USART_ITConfig), (48 bytes).
    Removing stm32f4xx_usart.o(i.USART_Init), (172 bytes).
    Removing stm32f4xx_usart.o(i.USART_IrDACmd), (20 bytes).
    Removing stm32f4xx_usart.o(i.USART_IrDAConfig), (16 bytes).
    Removing stm32f4xx_usart.o(i.USART_LINBreakDetectLengthConfig), (16 bytes).
    Removing stm32f4xx_usart.o(i.USART_LINCmd), (20 bytes).
    Removing stm32f4xx_usart.o(i.USART_OneBitMethodCmd), (20 bytes).
    Removing stm32f4xx_usart.o(i.USART_OverSampling8Cmd), (20 bytes).
    Removing stm32f4xx_usart.o(i.USART_ReceiveData), (8 bytes).
    Removing stm32f4xx_usart.o(i.USART_ReceiverWakeUpCmd), (20 bytes).
    Removing stm32f4xx_usart.o(i.USART_SendBreak), (10 bytes).
    Removing stm32f4xx_usart.o(i.USART_SendData), (8 bytes).
    Removing stm32f4xx_usart.o(i.USART_SetAddress), (16 bytes).
    Removing stm32f4xx_usart.o(i.USART_SetGuardTime), (16 bytes).
    Removing stm32f4xx_usart.o(i.USART_SetPrescaler), (16 bytes).
    Removing stm32f4xx_usart.o(i.USART_SmartCardCmd), (20 bytes).
    Removing stm32f4xx_usart.o(i.USART_SmartCardNACKCmd), (20 bytes).
    Removing stm32f4xx_usart.o(i.USART_StructInit), (22 bytes).
    Removing stm32f4xx_usart.o(i.USART_WakeUpConfig), (16 bytes).
    Removing stm32f4xx_wwdg.o(.emb_text), (8 bytes).
    Removing stm32f4xx_wwdg.o(i.WWDG_ClearFlag), (12 bytes).
    Removing stm32f4xx_wwdg.o(i.WWDG_DeInit), (24 bytes).
    Removing stm32f4xx_wwdg.o(i.WWDG_Enable), (16 bytes).
    Removing stm32f4xx_wwdg.o(i.WWDG_EnableIT), (16 bytes).
    Removing stm32f4xx_wwdg.o(i.WWDG_GetFlagStatus), (20 bytes).
    Removing stm32f4xx_wwdg.o(i.WWDG_SetCounter), (16 bytes).
    Removing stm32f4xx_wwdg.o(i.WWDG_SetPrescaler), (20 bytes).
    Removing stm32f4xx_wwdg.o(i.WWDG_SetWindowValue), (28 bytes).
    Removing croutine.o(i.prvCheckDelayedList), (132 bytes).
    Removing croutine.o(i.vCoRoutineAddToDelayedList), (64 bytes).
    Removing croutine.o(i.vCoRoutineSchedule), (156 bytes).
    Removing croutine.o(i.xCoRoutineCreate), (176 bytes).
    Removing croutine.o(i.xCoRoutineRemoveFromEventList), (52 bytes).
    Removing croutine.o(.bss), (100 bytes).
    Removing croutine.o(.data), (28 bytes).
    Removing heap_1.o(i.vPortInitialiseBlocks), (12 bytes).
    Removing heap_1.o(i.xPortGetFreeHeapSize), (20 bytes).
    Removing port.o(i.vPortEndScheduler), (2 bytes).
    Removing queue.o(i.ucQueueGetQueueNumber), (6 bytes).
    Removing queue.o(i.ucQueueGetQueueType), (6 bytes).
    Removing queue.o(i.uxQueueMessagesWaiting), (26 bytes).
    Removing queue.o(i.uxQueueMessagesWaitingFromISR), (14 bytes).
    Removing queue.o(i.vQueueAddToRegistry), (40 bytes).
    Removing queue.o(i.vQueueDelete), (64 bytes).
    Removing queue.o(i.vQueueSetQueueNumber), (6 bytes).
    Removing queue.o(i.xQueueCreateCountingSemaphore), (24 bytes).
    Removing queue.o(i.xQueueCreateMutex), (80 bytes).
    Removing queue.o(i.xQueueGiveMutexRecursive), (52 bytes).
    Removing queue.o(i.xQueueIsQueueEmptyFromISR), (22 bytes).
    Removing queue.o(i.xQueueIsQueueFullFromISR), (26 bytes).
    Removing queue.o(i.xQueueReceiveFromISR), (114 bytes).
    Removing queue.o(i.xQueueTakeMutexRecursive), (58 bytes).
    Removing queue.o(.bss), (64 bytes).
    Removing tasks.o(i.prvListTaskWithinSingleList), (136 bytes).
    Removing tasks.o(i.uxTaskGetNumberOfTasks), (12 bytes).
    Removing tasks.o(i.uxTaskGetTaskNumber), (8 bytes).
    Removing tasks.o(i.uxTaskPriorityGet), (28 bytes).
    Removing tasks.o(i.vTaskDelay), (52 bytes).
    Removing tasks.o(i.vTaskDelete), (100 bytes).
    Removing tasks.o(i.vTaskEndScheduler), (24 bytes).
    Removing tasks.o(i.vTaskList), (152 bytes).
    Removing tasks.o(i.vTaskPrioritySet), (156 bytes).
    Removing tasks.o(i.vTaskResume), (100 bytes).
    Removing tasks.o(i.vTaskSetTaskNumber), (8 bytes).
    Removing tasks.o(i.vTaskSuspend), (108 bytes).
    Removing tasks.o(i.xTaskGetTickCountFromISR), (24 bytes).
    Removing tasks.o(i.xTaskIsTaskSuspended), (44 bytes).
    Removing tasks.o(i.xTaskResumeFromISR), (120 bytes).
    Removing timers.o(i.pvTimerGetTimerID), (4 bytes).
    Removing timers.o(i.xTimerCreate), (62 bytes).
    Removing timers.o(i.xTimerIsTimerActive), (26 bytes).
    Removing dadd.o(.text), (334 bytes).
    Removing dmul.o(.text), (228 bytes).
    Removing ddiv.o(.text), (222 bytes).
    Removing dfixul.o(.text), (48 bytes).
    Removing cdrcmple.o(.text), (48 bytes).
    Removing depilogue.o(.text), (186 bytes).

691 unused section(s) (total 26858 bytes) removed from the image.

==============================================================================

Image Symbol Table

    Local Symbols

    Symbol Name                              Value     Ov Type        Size  Object(Section)

    ../clib/microlib/division.c              0x00000000   Number         0  uidiv.o ABSOLUTE
    ../clib/microlib/division.c              0x00000000   Number         0  uldiv.o ABSOLUTE
    ../clib/microlib/init/entry.s            0x00000000   Number         0  entry9b.o ABSOLUTE
    ../clib/microlib/init/entry.s            0x00000000   Number         0  entry8a.o ABSOLUTE
    ../clib/microlib/init/entry.s            0x00000000   Number         0  entry8b.o ABSOLUTE
    ../clib/microlib/init/entry.s            0x00000000   Number         0  entry11b.o ABSOLUTE
    ../clib/microlib/init/entry.s            0x00000000   Number         0  entry2.o ABSOLUTE
    ../clib/microlib/init/entry.s            0x00000000   Number         0  entry11a.o ABSOLUTE
    ../clib/microlib/init/entry.s            0x00000000   Number         0  entry10b.o ABSOLUTE
    ../clib/microlib/init/entry.s            0x00000000   Number         0  entry10a.o ABSOLUTE
    ../clib/microlib/init/entry.s            0x00000000   Number         0  entry9a.o ABSOLUTE
    ../clib/microlib/init/entry.s            0x00000000   Number         0  entry.o ABSOLUTE
    ../clib/microlib/init/entry.s            0x00000000   Number         0  entry7b.o ABSOLUTE
    ../clib/microlib/init/entry.s            0x00000000   Number         0  entry7a.o ABSOLUTE
    ../clib/microlib/init/entry.s            0x00000000   Number         0  entry5.o ABSOLUTE
    ../clib/microlib/longlong.c              0x00000000   Number         0  llshl.o ABSOLUTE
    ../clib/microlib/longlong.c              0x00000000   Number         0  llushr.o ABSOLUTE
    ../clib/microlib/longlong.c              0x00000000   Number         0  llsshr.o ABSOLUTE
    ../clib/microlib/printf/printf.c         0x00000000   Number         0  printf6.o ABSOLUTE
    ../clib/microlib/printf/printf.c         0x00000000   Number         0  printf5.o ABSOLUTE
    ../clib/microlib/printf/printf.c         0x00000000   Number         0  printfa.o ABSOLUTE
    ../clib/microlib/printf/printf.c         0x00000000   Number         0  printfb.o ABSOLUTE
    ../clib/microlib/printf/printf.c         0x00000000   Number         0  printf0.o ABSOLUTE
    ../clib/microlib/printf/printf.c         0x00000000   Number         0  printf1.o ABSOLUTE
    ../clib/microlib/printf/printf.c         0x00000000   Number         0  printf2.o ABSOLUTE
    ../clib/microlib/printf/printf.c         0x00000000   Number         0  printf3.o ABSOLUTE
    ../clib/microlib/printf/printf.c         0x00000000   Number         0  printf4.o ABSOLUTE
    ../clib/microlib/printf/printf.c         0x00000000   Number         0  printf7.o ABSOLUTE
    ../clib/microlib/printf/printf.c         0x00000000   Number         0  printf8.o ABSOLUTE
    ../clib/microlib/printf/stubs.s          0x00000000   Number         0  stubs.o ABSOLUTE
    ../clib/microlib/stdio/fputc.c           0x00000000   Number         0  fputc.o ABSOLUTE
    ../clib/microlib/stdio/semi.s            0x00000000   Number         0  semi.o ABSOLUTE
    ../clib/microlib/stdio/streams.c         0x00000000   Number         0  stdout.o ABSOLUTE
    ../clib/microlib/string/memcpy.c         0x00000000   Number         0  memcpya.o ABSOLUTE
    ../clib/microlib/string/memcpy.c         0x00000000   Number         0  memcpyb.o ABSOLUTE
    ../clib/microlib/string/memset.c         0x00000000   Number         0  memseta.o ABSOLUTE
    ../clib/microlib/string/strcat.c         0x00000000   Number         0  strcat.o ABSOLUTE
    ../clib/microlib/string/strncpy.c        0x00000000   Number         0  strncpy.o ABSOLUTE
    ../clib/microlib/stubs.s                 0x00000000   Number         0  iusefp.o ABSOLUTE
    ../clib/microlib/stubs.s                 0x00000000   Number         0  iusesemip.o ABSOLUTE
    ../fplib/microlib/fpadd.c                0x00000000   Number         0  dadd.o ABSOLUTE
    ../fplib/microlib/fpdiv.c                0x00000000   Number         0  ddiv.o ABSOLUTE
    ../fplib/microlib/fpepilogue.c           0x00000000   Number         0  depilogue.o ABSOLUTE
    ../fplib/microlib/fpfix.c                0x00000000   Number         0  dfixul.o ABSOLUTE
    ../fplib/microlib/fpmul.c                0x00000000   Number         0  dmul.o ABSOLUTE
    cdrcmple.s                               0x00000000   Number         0  cdrcmple.o ABSOLUTE
    dc.s                                     0x00000000   Number         0  dc.o ABSOLUTE
    handlers.s                               0x00000000   Number         0  handlers.o ABSOLUTE
    init.s                                   0x00000000   Number         0  init.o ABSOLUTE
    lib\\freertos\\c\\port.c                 0x00000000   Number         0  port.o ABSOLUTE
    lib\\st\\c\\misc.c                       0x00000000   Number         0  misc.o ABSOLUTE
    lib\\st\\c\\stm32f4_discovery.c          0x00000000   Number         0  stm32f4_discovery.o ABSOLUTE
    lib\\st\\c\\stm32f4xx_adc.c              0x00000000   Number         0  stm32f4xx_adc.o ABSOLUTE
    lib\\st\\c\\stm32f4xx_can.c              0x00000000   Number         0  stm32f4xx_can.o ABSOLUTE
    lib\\st\\c\\stm32f4xx_crc.c              0x00000000   Number         0  stm32f4xx_crc.o ABSOLUTE
    lib\\st\\c\\stm32f4xx_cryp.c             0x00000000   Number         0  stm32f4xx_cryp.o ABSOLUTE
    lib\\st\\c\\stm32f4xx_cryp_aes.c         0x00000000   Number         0  stm32f4xx_cryp_aes.o ABSOLUTE
    lib\\st\\c\\stm32f4xx_cryp_des.c         0x00000000   Number         0  stm32f4xx_cryp_des.o ABSOLUTE
    lib\\st\\c\\stm32f4xx_cryp_tdes.c        0x00000000   Number         0  stm32f4xx_cryp_tdes.o ABSOLUTE
    lib\\st\\c\\stm32f4xx_dac.c              0x00000000   Number         0  stm32f4xx_dac.o ABSOLUTE
    lib\\st\\c\\stm32f4xx_dbgmcu.c           0x00000000   Number         0  stm32f4xx_dbgmcu.o ABSOLUTE
    lib\\st\\c\\stm32f4xx_dcmi.c             0x00000000   Number         0  stm32f4xx_dcmi.o ABSOLUTE
    lib\\st\\c\\stm32f4xx_dma.c              0x00000000   Number         0  stm32f4xx_dma.o ABSOLUTE
    lib\\st\\c\\stm32f4xx_exti.c             0x00000000   Number         0  stm32f4xx_exti.o ABSOLUTE
    lib\\st\\c\\stm32f4xx_flash.c            0x00000000   Number         0  stm32f4xx_flash.o ABSOLUTE
    lib\\st\\c\\stm32f4xx_fsmc.c             0x00000000   Number         0  stm32f4xx_fsmc.o ABSOLUTE
    lib\\st\\c\\stm32f4xx_gpio.c             0x00000000   Number         0  stm32f4xx_gpio.o ABSOLUTE
    lib\\st\\c\\stm32f4xx_hash.c             0x00000000   Number         0  stm32f4xx_hash.o ABSOLUTE
    lib\\st\\c\\stm32f4xx_hash_md5.c         0x00000000   Number         0  stm32f4xx_hash_md5.o ABSOLUTE
    lib\\st\\c\\stm32f4xx_hash_sha1.c        0x00000000   Number         0  stm32f4xx_hash_sha1.o ABSOLUTE
    lib\\st\\c\\stm32f4xx_i2c.c              0x00000000   Number         0  stm32f4xx_i2c.o ABSOLUTE
    lib\\st\\c\\stm32f4xx_iwdg.c             0x00000000   Number         0  stm32f4xx_iwdg.o ABSOLUTE
    lib\\st\\c\\stm32f4xx_pwr.c              0x00000000   Number         0  stm32f4xx_pwr.o ABSOLUTE
    lib\\st\\c\\stm32f4xx_rcc.c              0x00000000   Number         0  stm32f4xx_rcc.o ABSOLUTE
    lib\\st\\c\\stm32f4xx_rng.c              0x00000000   Number         0  stm32f4xx_rng.o ABSOLUTE
    lib\\st\\c\\stm32f4xx_rtc.c              0x00000000   Number         0  stm32f4xx_rtc.o ABSOLUTE
    lib\\st\\c\\stm32f4xx_sdio.c             0x00000000   Number         0  stm32f4xx_sdio.o ABSOLUTE
    lib\\st\\c\\stm32f4xx_spi.c              0x00000000   Number         0  stm32f4xx_spi.o ABSOLUTE
    lib\\st\\c\\stm32f4xx_syscfg.c           0x00000000   Number         0  stm32f4xx_syscfg.o ABSOLUTE
    lib\\st\\c\\stm32f4xx_tim.c              0x00000000   Number         0  stm32f4xx_tim.o ABSOLUTE
    lib\\st\\c\\stm32f4xx_usart.c            0x00000000   Number         0  stm32f4xx_usart.o ABSOLUTE
    lib\\st\\c\\stm32f4xx_wwdg.c             0x00000000   Number         0  stm32f4xx_wwdg.o ABSOLUTE
    lib\\st\\c\\system_stm32f4xx.c           0x00000000   Number         0  system_stm32f4xx.o ABSOLUTE
    lib\freertos\c\croutine.c                0x00000000   Number         0  croutine.o ABSOLUTE
    lib\freertos\c\heap_1.c                  0x00000000   Number         0  heap_1.o ABSOLUTE
    lib\freertos\c\list.c                    0x00000000   Number         0  list.o ABSOLUTE
    lib\freertos\c\port.c                    0x00000000   Number         0  port.o ABSOLUTE
    lib\freertos\c\queue.c                   0x00000000   Number         0  queue.o ABSOLUTE
    lib\freertos\c\tasks.c                   0x00000000   Number         0  tasks.o ABSOLUTE
    lib\freertos\c\timers.c                  0x00000000   Number         0  timers.o ABSOLUTE
    lib\st\c\misc.c                          0x00000000   Number         0  misc.o ABSOLUTE
    lib\st\c\stm32f4_discovery.c             0x00000000   Number         0  stm32f4_discovery.o ABSOLUTE
    lib\st\c\stm32f4xx_adc.c                 0x00000000   Number         0  stm32f4xx_adc.o ABSOLUTE
    lib\st\c\stm32f4xx_can.c                 0x00000000   Number         0  stm32f4xx_can.o ABSOLUTE
    lib\st\c\stm32f4xx_crc.c                 0x00000000   Number         0  stm32f4xx_crc.o ABSOLUTE
    lib\st\c\stm32f4xx_cryp.c                0x00000000   Number         0  stm32f4xx_cryp.o ABSOLUTE
    lib\st\c\stm32f4xx_cryp_aes.c            0x00000000   Number         0  stm32f4xx_cryp_aes.o ABSOLUTE
    lib\st\c\stm32f4xx_cryp_des.c            0x00000000   Number         0  stm32f4xx_cryp_des.o ABSOLUTE
    lib\st\c\stm32f4xx_cryp_tdes.c           0x00000000   Number         0  stm32f4xx_cryp_tdes.o ABSOLUTE
    lib\st\c\stm32f4xx_dac.c                 0x00000000   Number         0  stm32f4xx_dac.o ABSOLUTE
    lib\st\c\stm32f4xx_dbgmcu.c              0x00000000   Number         0  stm32f4xx_dbgmcu.o ABSOLUTE
    lib\st\c\stm32f4xx_dcmi.c                0x00000000   Number         0  stm32f4xx_dcmi.o ABSOLUTE
    lib\st\c\stm32f4xx_dma.c                 0x00000000   Number         0  stm32f4xx_dma.o ABSOLUTE
    lib\st\c\stm32f4xx_exti.c                0x00000000   Number         0  stm32f4xx_exti.o ABSOLUTE
    lib\st\c\stm32f4xx_flash.c               0x00000000   Number         0  stm32f4xx_flash.o ABSOLUTE
    lib\st\c\stm32f4xx_fsmc.c                0x00000000   Number         0  stm32f4xx_fsmc.o ABSOLUTE
    lib\st\c\stm32f4xx_gpio.c                0x00000000   Number         0  stm32f4xx_gpio.o ABSOLUTE
    lib\st\c\stm32f4xx_hash.c                0x00000000   Number         0  stm32f4xx_hash.o ABSOLUTE
    lib\st\c\stm32f4xx_hash_md5.c            0x00000000   Number         0  stm32f4xx_hash_md5.o ABSOLUTE
    lib\st\c\stm32f4xx_hash_sha1.c           0x00000000   Number         0  stm32f4xx_hash_sha1.o ABSOLUTE
    lib\st\c\stm32f4xx_i2c.c                 0x00000000   Number         0  stm32f4xx_i2c.o ABSOLUTE
    lib\st\c\stm32f4xx_iwdg.c                0x00000000   Number         0  stm32f4xx_iwdg.o ABSOLUTE
    lib\st\c\stm32f4xx_pwr.c                 0x00000000   Number         0  stm32f4xx_pwr.o ABSOLUTE
    lib\st\c\stm32f4xx_rcc.c                 0x00000000   Number         0  stm32f4xx_rcc.o ABSOLUTE
    lib\st\c\stm32f4xx_rng.c                 0x00000000   Number         0  stm32f4xx_rng.o ABSOLUTE
    lib\st\c\stm32f4xx_rtc.c                 0x00000000   Number         0  stm32f4xx_rtc.o ABSOLUTE
    lib\st\c\stm32f4xx_sdio.c                0x00000000   Number         0  stm32f4xx_sdio.o ABSOLUTE
    lib\st\c\stm32f4xx_spi.c                 0x00000000   Number         0  stm32f4xx_spi.o ABSOLUTE
    lib\st\c\stm32f4xx_syscfg.c              0x00000000   Number         0  stm32f4xx_syscfg.o ABSOLUTE
    lib\st\c\stm32f4xx_tim.c                 0x00000000   Number         0  stm32f4xx_tim.o ABSOLUTE
    lib\st\c\stm32f4xx_usart.c               0x00000000   Number         0  stm32f4xx_usart.o ABSOLUTE
    lib\st\c\stm32f4xx_wwdg.c                0x00000000   Number         0  stm32f4xx_wwdg.o ABSOLUTE
    lib\st\c\system_stm32f4xx.c              0x00000000   Number         0  system_stm32f4xx.o ABSOLUTE
    lib\st\s\startup_stm32f4xx.s             0x00000000   Number         0  startup_stm32f4xx.o ABSOLUTE
    src\\main.c                              0x00000000   Number         0  main.o ABSOLUTE
    src\main.c                               0x00000000   Number         0  main.o ABSOLUTE
    RESET                                    0x08000000   Section      392  startup_stm32f4xx.o(RESET)
    .ARM.Collect$$$$00000000                 0x08000188   Section        0  entry.o(.ARM.Collect$$$$00000000)
    .ARM.Collect$$$$00000001                 0x08000188   Section        4  entry2.o(.ARM.Collect$$$$00000001)
    .ARM.Collect$$$$00000004                 0x0800018c   Section        4  entry5.o(.ARM.Collect$$$$00000004)
    .ARM.Collect$$$$00000008                 0x08000190   Section        0  entry7b.o(.ARM.Collect$$$$00000008)
    .ARM.Collect$$$$0000000A                 0x08000190   Section        0  entry8b.o(.ARM.Collect$$$$0000000A)
    .ARM.Collect$$$$0000000B                 0x08000190   Section        8  entry9a.o(.ARM.Collect$$$$0000000B)
    .ARM.Collect$$$$0000000D                 0x08000198   Section        0  entry10a.o(.ARM.Collect$$$$0000000D)
    .ARM.Collect$$$$0000000F                 0x08000198   Section        0  entry11a.o(.ARM.Collect$$$$0000000F)
    .ARM.Collect$$$$00002712                 0x08000198   Section        4  entry2.o(.ARM.Collect$$$$00002712)
    __lit__00000000                          0x08000198   Data           4  entry2.o(.ARM.Collect$$$$00002712)
    .emb_text                                0x0800019c   Section      176  port.o(.emb_text)
    $v0                                      0x0800019c   Number         0  port.o(.emb_text)
    .text                                    0x0800024c   Section       36  startup_stm32f4xx.o(.text)
    $v0                                      0x0800024c   Number         0  startup_stm32f4xx.o(.text)
    .text                                    0x08000270   Section        0  memcpya.o(.text)
    .text                                    0x08000294   Section        0  memseta.o(.text)
    .text                                    0x080002b8   Section        0  strncpy.o(.text)
    .text                                    0x080002d0   Section       36  init.o(.text)
    i.GPIOInit                               0x080002f4   Section        0  main.o(i.GPIOInit)
    i.GPIO_Init                              0x08000318   Section        0  stm32f4xx_gpio.o(i.GPIO_Init)
    i.GPIO_ToggleBits                        0x080003ba   Section        0  stm32f4xx_gpio.o(i.GPIO_ToggleBits)
    i.RCC_AHB1PeriphClockCmd                 0x080003c4   Section        0  stm32f4xx_rcc.o(i.RCC_AHB1PeriphClockCmd)
    i.SetSysClock                            0x080003dc   Section        0  system_stm32f4xx.o(i.SetSysClock)
    SetSysClock                              0x080003dd   Thumb Code   162  system_stm32f4xx.o(i.SetSysClock)
    i.SysTick_Handler                        0x08000490   Section        0  port.o(i.SysTick_Handler)
    i.SystemInit                             0x080004b0   Section        0  system_stm32f4xx.o(i.SystemInit)
    i.__scatterload_copy                     0x0800050c   Section       14  handlers.o(i.__scatterload_copy)
    i.__scatterload_null                     0x0800051a   Section        2  handlers.o(i.__scatterload_null)
    i.__scatterload_zeroinit                 0x0800051c   Section       14  handlers.o(i.__scatterload_zeroinit)
    i.main                                   0x0800052c   Section        0  main.o(i.main)
    i.myTask1                                0x080005ac   Section        0  main.o(i.myTask1)
    i.myTask2                                0x080005d4   Section        0  main.o(i.myTask2)
    i.myTask3                                0x080005fc   Section        0  main.o(i.myTask3)
    i.myTask4                                0x08000624   Section        0  main.o(i.myTask4)
    i.prvAddCurrentTaskToDelayedList         0x0800064c   Section        0  tasks.o(i.prvAddCurrentTaskToDelayedList)
    prvAddCurrentTaskToDelayedList           0x0800064d   Thumb Code    48  tasks.o(i.prvAddCurrentTaskToDelayedList)
    i.prvCheckForValidListAndQueue           0x08000680   Section        0  timers.o(i.prvCheckForValidListAndQueue)
    prvCheckForValidListAndQueue             0x08000681   Thumb Code    54  timers.o(i.prvCheckForValidListAndQueue)
    i.prvCheckTasksWaitingTermination        0x080006c0   Section        0  tasks.o(i.prvCheckTasksWaitingTermination)
    prvCheckTasksWaitingTermination          0x080006c1   Thumb Code    76  tasks.o(i.prvCheckTasksWaitingTermination)
    i.prvCopyDataFromQueue                   0x08000714   Section        0  queue.o(i.prvCopyDataFromQueue)
    prvCopyDataFromQueue                     0x08000715   Thumb Code    40  queue.o(i.prvCopyDataFromQueue)
    i.prvCopyDataToQueue                     0x0800073c   Section        0  queue.o(i.prvCopyDataToQueue)
    prvCopyDataToQueue                       0x0800073d   Thumb Code    90  queue.o(i.prvCopyDataToQueue)
    i.prvIdleTask                            0x08000798   Section        0  tasks.o(i.prvIdleTask)
    prvIdleTask                              0x08000799   Thumb Code    24  tasks.o(i.prvIdleTask)
    i.prvInsertTimerInActiveList             0x080007b4   Section        0  timers.o(i.prvInsertTimerInActiveList)
    prvInsertTimerInActiveList               0x080007b5   Thumb Code    52  timers.o(i.prvInsertTimerInActiveList)
    i.prvProcessReceivedCommands             0x080007ec   Section        0  timers.o(i.prvProcessReceivedCommands)
    prvProcessReceivedCommands               0x080007ed   Thumb Code   154  timers.o(i.prvProcessReceivedCommands)
    i.prvProcessTimerOrBlockTask             0x0800088c   Section        0  timers.o(i.prvProcessTimerOrBlockTask)
    prvProcessTimerOrBlockTask               0x0800088d   Thumb Code   136  timers.o(i.prvProcessTimerOrBlockTask)
    i.prvSampleTimeNow                       0x08000918   Section        0  timers.o(i.prvSampleTimeNow)
    prvSampleTimeNow                         0x08000919   Thumb Code    36  timers.o(i.prvSampleTimeNow)
    i.prvSwitchTimerLists                    0x08000940   Section        0  timers.o(i.prvSwitchTimerLists)
    prvSwitchTimerLists                      0x08000941   Thumb Code    94  timers.o(i.prvSwitchTimerLists)
    i.prvTimerTask                           0x080009a4   Section        0  timers.o(i.prvTimerTask)
    prvTimerTask                             0x080009a5   Thumb Code    32  timers.o(i.prvTimerTask)
    i.prvUnlockQueue                         0x080009c8   Section        0  queue.o(i.prvUnlockQueue)
    prvUnlockQueue                           0x080009c9   Thumb Code   100  queue.o(i.prvUnlockQueue)
    i.pvPortMalloc                           0x08000a2c   Section        0  heap_1.o(i.pvPortMalloc)
    i.pxPortInitialiseStack                  0x08000a88   Section        0  port.o(i.pxPortInitialiseStack)
    i.uxListRemove                           0x08000aaa   Section        0  list.o(i.uxListRemove)
    i.vApplicationIdleHook                   0x08000ad0   Section        0  main.o(i.vApplicationIdleHook)
    i.vApplicationMallocFailedHook           0x08000ae8   Section        0  main.o(i.vApplicationMallocFailedHook)
    i.vApplicationTickHook                   0x08000af0   Section        0  main.o(i.vApplicationTickHook)
    i.vListInitialise                        0x08000b08   Section        0  list.o(i.vListInitialise)
    i.vListInitialiseItem                    0x08000b1e   Section        0  list.o(i.vListInitialiseItem)
    i.vListInsert                            0x08000b24   Section        0  list.o(i.vListInsert)
    i.vListInsertEnd                         0x08000b54   Section        0  list.o(i.vListInsertEnd)
    i.vPortEnterCritical                     0x08000b70   Section        0  port.o(i.vPortEnterCritical)
    i.vPortExitCritical                      0x08000b84   Section        0  port.o(i.vPortExitCritical)
    i.vPortFree                              0x08000b98   Section        0  heap_1.o(i.vPortFree)
    i.vPortSetupTimerInterrupt               0x08000ba8   Section        0  port.o(i.vPortSetupTimerInterrupt)
    i.vPortYieldFromISR                      0x08000bc8   Section        0  port.o(i.vPortYieldFromISR)
    i.vQueueWaitForMessageRestricted         0x08000bd8   Section        0  queue.o(i.vQueueWaitForMessageRestricted)
    i.vTaskDelayUntil                        0x08000c10   Section        0  tasks.o(i.vTaskDelayUntil)
    i.vTaskIncrementTick                     0x08000c70   Section        0  tasks.o(i.vTaskIncrementTick)
    i.vTaskMissedYield                       0x08000d2c   Section        0  tasks.o(i.vTaskMissedYield)
    i.vTaskPlaceOnEventList                  0x08000d38   Section        0  tasks.o(i.vTaskPlaceOnEventList)
    i.vTaskPlaceOnEventListRestricted        0x08000d7c   Section        0  tasks.o(i.vTaskPlaceOnEventListRestricted)
    i.vTaskPriorityDisinherit                0x08000dac   Section        0  tasks.o(i.vTaskPriorityDisinherit)
    i.vTaskPriorityInherit                   0x08000df4   Section        0  tasks.o(i.vTaskPriorityInherit)
    i.vTaskSetTimeOutState                   0x08000e58   Section        0  tasks.o(i.vTaskSetTimeOutState)
    i.vTaskStartScheduler                    0x08000e74   Section        0  tasks.o(i.vTaskStartScheduler)
    i.vTaskSuspendAll                        0x08000ec8   Section        0  tasks.o(i.vTaskSuspendAll)
    i.vTaskSwitchContext                     0x08000ed8   Section        0  tasks.o(i.vTaskSwitchContext)
    i.xPortStartScheduler                    0x08000f30   Section        0  port.o(i.xPortStartScheduler)
    i.xQueueGenericCreate                    0x08000f70   Section        0  queue.o(i.xQueueGenericCreate)
    i.xQueueGenericReceive                   0x08000fb8   Section        0  queue.o(i.xQueueGenericReceive)
    i.xQueueGenericReset                     0x080010d6   Section        0  queue.o(i.xQueueGenericReset)
    i.xQueueGenericSend                      0x08001140   Section        0  queue.o(i.xQueueGenericSend)
    i.xQueueGenericSendFromISR               0x08001228   Section        0  queue.o(i.xQueueGenericSendFromISR)
    i.xTaskCheckForTimeOut                   0x0800129c   Section        0  tasks.o(i.xTaskCheckForTimeOut)
    i.xTaskGenericCreate                     0x080012f8   Section        0  tasks.o(i.xTaskGenericCreate)
    i.xTaskGetCurrentTaskHandle              0x08001470   Section        0  tasks.o(i.xTaskGetCurrentTaskHandle)
    i.xTaskGetSchedulerState                 0x0800147c   Section        0  tasks.o(i.xTaskGetSchedulerState)
    i.xTaskGetTickCount                      0x08001498   Section        0  tasks.o(i.xTaskGetTickCount)
    i.xTaskRemoveFromEventList               0x080014b0   Section        0  tasks.o(i.xTaskRemoveFromEventList)
    i.xTaskResumeAll                         0x08001510   Section        0  tasks.o(i.xTaskResumeAll)
    i.xTimerCreateTimerTask                  0x080015c0   Section        0  timers.o(i.xTimerCreateTimerTask)
    i.xTimerGenericCommand                   0x08001604   Section        0  timers.o(i.xTimerGenericCommand)
    .data                                    0x20000000   Section       24  main.o(.data)
    .data                                    0x20000018   Section       20  system_stm32f4xx.o(.data)
    .data                                    0x2000002c   Section        8  heap_1.o(.data)
    xNextFreeByte                            0x2000002c   Data           4  heap_1.o(.data)
    pucAlignedHeap                           0x20000030   Data           4  heap_1.o(.data)
    .data                                    0x20000034   Section        4  port.o(.data)
    uxCriticalNesting                        0x20000034   Data           4  port.o(.data)
    .data                                    0x20000038   Section       60  tasks.o(.data)
    uxTasksDeleted                           0x2000003c   Data           4  tasks.o(.data)
    uxCurrentNumberOfTasks                   0x20000040   Data           4  tasks.o(.data)
    xTickCount                               0x20000044   Data           4  tasks.o(.data)
    uxTopUsedPriority                        0x20000048   Data           4  tasks.o(.data)
    uxTopReadyPriority                       0x2000004c   Data           4  tasks.o(.data)
    xSchedulerRunning                        0x20000050   Data           4  tasks.o(.data)
    uxSchedulerSuspended                     0x20000054   Data           4  tasks.o(.data)
    uxMissedTicks                            0x20000058   Data           4  tasks.o(.data)
    xMissedYield                             0x2000005c   Data           4  tasks.o(.data)
    xNumOfOverflows                          0x20000060   Data           4  tasks.o(.data)
    uxTaskNumber                             0x20000064   Data           4  tasks.o(.data)
    xNextTaskUnblockTime                     0x20000068   Data           4  tasks.o(.data)
    pxDelayedTaskList                        0x2000006c   Data           4  tasks.o(.data)
    pxOverflowDelayedTaskList                0x20000070   Data           4  tasks.o(.data)
    .data                                    0x20000074   Section       16  timers.o(.data)
    xTimerQueue                              0x20000074   Data           4  timers.o(.data)
    xLastTime                                0x20000078   Data           4  timers.o(.data)
    pxCurrentTimerList                       0x2000007c   Data           4  timers.o(.data)
    pxOverflowTimerList                      0x20000080   Data           4  timers.o(.data)
    .bss                                     0x20000084   Section    76800  heap_1.o(.bss)
    ucHeap                                   0x20000084   Data       76800  heap_1.o(.bss)
    .bss                                     0x20012c84   Section      240  tasks.o(.bss)
    pcStatusString                           0x20012c84   Data          40  tasks.o(.bss)
    pxReadyTasksLists                        0x20012cac   Data         100  tasks.o(.bss)
    xDelayedTaskList1                        0x20012d10   Data          20  tasks.o(.bss)
    xDelayedTaskList2                        0x20012d24   Data          20  tasks.o(.bss)
    xPendingReadyList                        0x20012d38   Data          20  tasks.o(.bss)
    xTasksWaitingTermination                 0x20012d4c   Data          20  tasks.o(.bss)
    xSuspendedTaskList                       0x20012d60   Data          20  tasks.o(.bss)
    .bss                                     0x20012d74   Section       40  timers.o(.bss)
    xActiveTimerList1                        0x20012d74   Data          20  timers.o(.bss)
    xActiveTimerList2                        0x20012d88   Data          20  timers.o(.bss)
    STACK                                    0x20012da0   Section     1024  startup_stm32f4xx.o(STACK)

    Global Symbols

    Symbol Name                              Value     Ov Type        Size  Object(Section)

    BuildAttributes$$THM_ISAv4$E$P$D$K$B$S$7EM$VFPi3$EXTD16$VFPS$VFMA$PE$A:L22UL41UL21$X:L11$S22US41US21$IEEE1$IW$USESV6$~STKCKD$USESV7$~SHL$OSPACE$ROPI$EBA8$MICROLIB$REQ8$PRES8$EABIv2 0x00000000   Number         0  anon$$obj.o ABSOLUTE
    __ARM_use_no_argv                        0x00000000   Number         0  main.o ABSOLUTE
    _printf_a                                0x00000000   Number         0  stubs.o ABSOLUTE
    _printf_c                                0x00000000   Number         0  stubs.o ABSOLUTE
    _printf_charcount                        0x00000000   Number         0  stubs.o ABSOLUTE
    _printf_d                                0x00000000   Number         0  stubs.o ABSOLUTE
    _printf_e                                0x00000000   Number         0  stubs.o ABSOLUTE
    _printf_f                                0x00000000   Number         0  stubs.o ABSOLUTE
    _printf_flags                            0x00000000   Number         0  stubs.o ABSOLUTE
    _printf_fp_dec                           0x00000000   Number         0  stubs.o ABSOLUTE
    _printf_fp_hex                           0x00000000   Number         0  stubs.o ABSOLUTE
    _printf_g                                0x00000000   Number         0  stubs.o ABSOLUTE
    _printf_i                                0x00000000   Number         0  stubs.o ABSOLUTE
    _printf_int_dec                          0x00000000   Number         0  stubs.o ABSOLUTE
    _printf_l                                0x00000000   Number         0  stubs.o ABSOLUTE
    _printf_lc                               0x00000000   Number         0  stubs.o ABSOLUTE
    _printf_ll                               0x00000000   Number         0  stubs.o ABSOLUTE
    _printf_lld                              0x00000000   Number         0  stubs.o ABSOLUTE
    _printf_lli                              0x00000000   Number         0  stubs.o ABSOLUTE
    _printf_llo                              0x00000000   Number         0  stubs.o ABSOLUTE
    _printf_llu                              0x00000000   Number         0  stubs.o ABSOLUTE
    _printf_llx                              0x00000000   Number         0  stubs.o ABSOLUTE
    _printf_longlong_dec                     0x00000000   Number         0  stubs.o ABSOLUTE
    _printf_longlong_hex                     0x00000000   Number         0  stubs.o ABSOLUTE
    _printf_longlong_oct                     0x00000000   Number         0  stubs.o ABSOLUTE
    _printf_ls                               0x00000000   Number         0  stubs.o ABSOLUTE
    _printf_mbtowc                           0x00000000   Number         0  stubs.o ABSOLUTE
    _printf_n                                0x00000000   Number         0  stubs.o ABSOLUTE
    _printf_o                                0x00000000   Number         0  stubs.o ABSOLUTE
    _printf_p                                0x00000000   Number         0  stubs.o ABSOLUTE
    _printf_percent                          0x00000000   Number         0  stubs.o ABSOLUTE
    _printf_pre_padding                      0x00000000   Number         0  stubs.o ABSOLUTE
    _printf_return_value                     0x00000000   Number         0  stubs.o ABSOLUTE
    _printf_s                                0x00000000   Number         0  stubs.o ABSOLUTE
    _printf_sizespec                         0x00000000   Number         0  stubs.o ABSOLUTE
    _printf_str                              0x00000000   Number         0  stubs.o ABSOLUTE
    _printf_truncate_signed                  0x00000000   Number         0  stubs.o ABSOLUTE
    _printf_truncate_unsigned                0x00000000   Number         0  stubs.o ABSOLUTE
    _printf_u                                0x00000000   Number         0  stubs.o ABSOLUTE
    _printf_wc                               0x00000000   Number         0  stubs.o ABSOLUTE
    _printf_wctomb                           0x00000000   Number         0  stubs.o ABSOLUTE
    _printf_widthprec                        0x00000000   Number         0  stubs.o ABSOLUTE
    _printf_x                                0x00000000   Number         0  stubs.o ABSOLUTE
    __cpp_initialize__aeabi_                  - Undefined Weak Reference
    __cxa_finalize                            - Undefined Weak Reference
    __decompress                              - Undefined Weak Reference
    _clock_init                               - Undefined Weak Reference
    _microlib_exit                            - Undefined Weak Reference
    __Vectors_Size                           0x00000188   Number         0  startup_stm32f4xx.o ABSOLUTE
    __Vectors                                0x08000000   Data           4  startup_stm32f4xx.o(RESET)
    __Vectors_End                            0x08000188   Data           0  startup_stm32f4xx.o(RESET)
    __main                                   0x08000189   Thumb Code     0  entry.o(.ARM.Collect$$$$00000000)
    _main_stk                                0x08000189   Thumb Code     0  entry2.o(.ARM.Collect$$$$00000001)
    _main_scatterload                        0x0800018d   Thumb Code     0  entry5.o(.ARM.Collect$$$$00000004)
    __main_after_scatterload                 0x08000191   Thumb Code     0  entry5.o(.ARM.Collect$$$$00000004)
    _main_clock                              0x08000191   Thumb Code     0  entry7b.o(.ARM.Collect$$$$00000008)
    _main_cpp_init                           0x08000191   Thumb Code     0  entry8b.o(.ARM.Collect$$$$0000000A)
    _main_init                               0x08000191   Thumb Code     0  entry9a.o(.ARM.Collect$$$$0000000B)
    __rt_final_cpp                           0x08000199   Thumb Code     0  entry10a.o(.ARM.Collect$$$$0000000D)
    __rt_final_exit                          0x08000199   Thumb Code     0  entry11a.o(.ARM.Collect$$$$0000000F)
    __asm___6_port_c_39a90d8d____REV16       0x0800019d   Thumb Code     4  port.o(.emb_text)
    __asm___6_port_c_39a90d8d____REVSH       0x080001a1   Thumb Code     4  port.o(.emb_text)
    SVC_Handler                              0x080001a5   Thumb Code    24  port.o(.emb_text)
    __asm___6_port_c_39a90d8d__prvStartFirstTask 0x080001c1   Thumb Code    16  port.o(.emb_text)
    __asm___6_port_c_39a90d8d__prvEnableVFP  0x080001d5   Thumb Code    16  port.o(.emb_text)
    PendSV_Handler                           0x080001e9   Thumb Code    76  port.o(.emb_text)
    ulPortSetInterruptMask                   0x08000239   Thumb Code    14  port.o(.emb_text)
    vPortClearInterruptMask                  0x08000247   Thumb Code     6  port.o(.emb_text)
    Reset_Handler                            0x0800024d   Thumb Code     8  startup_stm32f4xx.o(.text)
    NMI_Handler                              0x08000255   Thumb Code     2  startup_stm32f4xx.o(.text)
    HardFault_Handler                        0x08000257   Thumb Code     2  startup_stm32f4xx.o(.text)
    MemManage_Handler                        0x08000259   Thumb Code     2  startup_stm32f4xx.o(.text)
    BusFault_Handler                         0x0800025b   Thumb Code     2  startup_stm32f4xx.o(.text)
    UsageFault_Handler                       0x0800025d   Thumb Code     2  startup_stm32f4xx.o(.text)
    DebugMon_Handler                         0x08000261   Thumb Code     2  startup_stm32f4xx.o(.text)
    ADC_IRQHandler                           0x08000267   Thumb Code     0  startup_stm32f4xx.o(.text)
    CAN1_RX0_IRQHandler                      0x08000267   Thumb Code     0  startup_stm32f4xx.o(.text)
    CAN1_RX1_IRQHandler                      0x08000267   Thumb Code     0  startup_stm32f4xx.o(.text)
    CAN1_SCE_IRQHandler                      0x08000267   Thumb Code     0  startup_stm32f4xx.o(.text)
    CAN1_TX_IRQHandler                       0x08000267   Thumb Code     0  startup_stm32f4xx.o(.text)
    CAN2_RX0_IRQHandler                      0x08000267   Thumb Code     0  startup_stm32f4xx.o(.text)
    CAN2_RX1_IRQHandler                      0x08000267   Thumb Code     0  startup_stm32f4xx.o(.text)
    CAN2_SCE_IRQHandler                      0x08000267   Thumb Code     0  startup_stm32f4xx.o(.text)
    CAN2_TX_IRQHandler                       0x08000267   Thumb Code     0  startup_stm32f4xx.o(.text)
    CRYP_IRQHandler                          0x08000267   Thumb Code     0  startup_stm32f4xx.o(.text)
    DCMI_IRQHandler                          0x08000267   Thumb Code     0  startup_stm32f4xx.o(.text)
    DMA1_Stream0_IRQHandler                  0x08000267   Thumb Code     0  startup_stm32f4xx.o(.text)
    DMA1_Stream1_IRQHandler                  0x08000267   Thumb Code     0  startup_stm32f4xx.o(.text)
    DMA1_Stream2_IRQHandler                  0x08000267   Thumb Code     0  startup_stm32f4xx.o(.text)
    DMA1_Stream3_IRQHandler                  0x08000267   Thumb Code     0  startup_stm32f4xx.o(.text)
    DMA1_Stream4_IRQHandler                  0x08000267   Thumb Code     0  startup_stm32f4xx.o(.text)
    DMA1_Stream5_IRQHandler                  0x08000267   Thumb Code     0  startup_stm32f4xx.o(.text)
    DMA1_Stream6_IRQHandler                  0x08000267   Thumb Code     0  startup_stm32f4xx.o(.text)
    DMA1_Stream7_IRQHandler                  0x08000267   Thumb Code     0  startup_stm32f4xx.o(.text)
    DMA2_Stream0_IRQHandler                  0x08000267   Thumb Code     0  startup_stm32f4xx.o(.text)
    DMA2_Stream1_IRQHandler                  0x08000267   Thumb Code     0  startup_stm32f4xx.o(.text)
    DMA2_Stream2_IRQHandler                  0x08000267   Thumb Code     0  startup_stm32f4xx.o(.text)
    DMA2_Stream3_IRQHandler                  0x08000267   Thumb Code     0  startup_stm32f4xx.o(.text)
    DMA2_Stream4_IRQHandler                  0x08000267   Thumb Code     0  startup_stm32f4xx.o(.text)
    DMA2_Stream5_IRQHandler                  0x08000267   Thumb Code     0  startup_stm32f4xx.o(.text)
    DMA2_Stream6_IRQHandler                  0x08000267   Thumb Code     0  startup_stm32f4xx.o(.text)
    DMA2_Stream7_IRQHandler                  0x08000267   Thumb Code     0  startup_stm32f4xx.o(.text)
    ETH_IRQHandler                           0x08000267   Thumb Code     0  startup_stm32f4xx.o(.text)
    ETH_WKUP_IRQHandler                      0x08000267   Thumb Code     0  startup_stm32f4xx.o(.text)
    EXTI0_IRQHandler                         0x08000267   Thumb Code     0  startup_stm32f4xx.o(.text)
    EXTI15_10_IRQHandler                     0x08000267   Thumb Code     0  startup_stm32f4xx.o(.text)
    EXTI1_IRQHandler                         0x08000267   Thumb Code     0  startup_stm32f4xx.o(.text)
    EXTI2_IRQHandler                         0x08000267   Thumb Code     0  startup_stm32f4xx.o(.text)
    EXTI3_IRQHandler                         0x08000267   Thumb Code     0  startup_stm32f4xx.o(.text)
    EXTI4_IRQHandler                         0x08000267   Thumb Code     0  startup_stm32f4xx.o(.text)
    EXTI9_5_IRQHandler                       0x08000267   Thumb Code     0  startup_stm32f4xx.o(.text)
    FLASH_IRQHandler                         0x08000267   Thumb Code     0  startup_stm32f4xx.o(.text)
    FPU_IRQHandler                           0x08000267   Thumb Code     0  startup_stm32f4xx.o(.text)
    FSMC_IRQHandler                          0x08000267   Thumb Code     0  startup_stm32f4xx.o(.text)
    HASH_RNG_IRQHandler                      0x08000267   Thumb Code     0  startup_stm32f4xx.o(.text)
    I2C1_ER_IRQHandler                       0x08000267   Thumb Code     0  startup_stm32f4xx.o(.text)
    I2C1_EV_IRQHandler                       0x08000267   Thumb Code     0  startup_stm32f4xx.o(.text)
    I2C2_ER_IRQHandler                       0x08000267   Thumb Code     0  startup_stm32f4xx.o(.text)
    I2C2_EV_IRQHandler                       0x08000267   Thumb Code     0  startup_stm32f4xx.o(.text)
    I2C3_ER_IRQHandler                       0x08000267   Thumb Code     0  startup_stm32f4xx.o(.text)
    I2C3_EV_IRQHandler                       0x08000267   Thumb Code     0  startup_stm32f4xx.o(.text)
    OTG_FS_IRQHandler                        0x08000267   Thumb Code     0  startup_stm32f4xx.o(.text)
    OTG_FS_WKUP_IRQHandler                   0x08000267   Thumb Code     0  startup_stm32f4xx.o(.text)
    OTG_HS_EP1_IN_IRQHandler                 0x08000267   Thumb Code     0  startup_stm32f4xx.o(.text)
    OTG_HS_EP1_OUT_IRQHandler                0x08000267   Thumb Code     0  startup_stm32f4xx.o(.text)
    OTG_HS_IRQHandler                        0x08000267   Thumb Code     0  startup_stm32f4xx.o(.text)
    OTG_HS_WKUP_IRQHandler                   0x08000267   Thumb Code     0  startup_stm32f4xx.o(.text)
    PVD_IRQHandler                           0x08000267   Thumb Code     0  startup_stm32f4xx.o(.text)
    RCC_IRQHandler                           0x08000267   Thumb Code     0  startup_stm32f4xx.o(.text)
    RTC_Alarm_IRQHandler                     0x08000267   Thumb Code     0  startup_stm32f4xx.o(.text)
    RTC_WKUP_IRQHandler                      0x08000267   Thumb Code     0  startup_stm32f4xx.o(.text)
    SDIO_IRQHandler                          0x08000267   Thumb Code     0  startup_stm32f4xx.o(.text)
    SPI1_IRQHandler                          0x08000267   Thumb Code     0  startup_stm32f4xx.o(.text)
    SPI2_IRQHandler                          0x08000267   Thumb Code     0  startup_stm32f4xx.o(.text)
    SPI3_IRQHandler                          0x08000267   Thumb Code     0  startup_stm32f4xx.o(.text)
    TAMP_STAMP_IRQHandler                    0x08000267   Thumb Code     0  startup_stm32f4xx.o(.text)
    TIM1_BRK_TIM9_IRQHandler                 0x08000267   Thumb Code     0  startup_stm32f4xx.o(.text)
    TIM1_CC_IRQHandler                       0x08000267   Thumb Code     0  startup_stm32f4xx.o(.text)
    TIM1_TRG_COM_TIM11_IRQHandler            0x08000267   Thumb Code     0  startup_stm32f4xx.o(.text)
    TIM1_UP_TIM10_IRQHandler                 0x08000267   Thumb Code     0  startup_stm32f4xx.o(.text)
    TIM2_IRQHandler                          0x08000267   Thumb Code     0  startup_stm32f4xx.o(.text)
    TIM3_IRQHandler                          0x08000267   Thumb Code     0  startup_stm32f4xx.o(.text)
    TIM4_IRQHandler                          0x08000267   Thumb Code     0  startup_stm32f4xx.o(.text)
    TIM5_IRQHandler                          0x08000267   Thumb Code     0  startup_stm32f4xx.o(.text)
    TIM6_DAC_IRQHandler                      0x08000267   Thumb Code     0  startup_stm32f4xx.o(.text)
    TIM7_IRQHandler                          0x08000267   Thumb Code     0  startup_stm32f4xx.o(.text)
    TIM8_BRK_TIM12_IRQHandler                0x08000267   Thumb Code     0  startup_stm32f4xx.o(.text)
    TIM8_CC_IRQHandler                       0x08000267   Thumb Code     0  startup_stm32f4xx.o(.text)
    TIM8_TRG_COM_TIM14_IRQHandler            0x08000267   Thumb Code     0  startup_stm32f4xx.o(.text)
    TIM8_UP_TIM13_IRQHandler                 0x08000267   Thumb Code     0  startup_stm32f4xx.o(.text)
    UART4_IRQHandler                         0x08000267   Thumb Code     0  startup_stm32f4xx.o(.text)
    UART5_IRQHandler                         0x08000267   Thumb Code     0  startup_stm32f4xx.o(.text)
    USART1_IRQHandler                        0x08000267   Thumb Code     0  startup_stm32f4xx.o(.text)
    USART2_IRQHandler                        0x08000267   Thumb Code     0  startup_stm32f4xx.o(.text)
    USART3_IRQHandler                        0x08000267   Thumb Code     0  startup_stm32f4xx.o(.text)
    USART6_IRQHandler                        0x08000267   Thumb Code     0  startup_stm32f4xx.o(.text)
    WWDG_IRQHandler                          0x08000267   Thumb Code     0  startup_stm32f4xx.o(.text)
    __aeabi_memcpy                           0x08000271   Thumb Code    36  memcpya.o(.text)
    __aeabi_memcpy4                          0x08000271   Thumb Code     0  memcpya.o(.text)
    __aeabi_memcpy8                          0x08000271   Thumb Code     0  memcpya.o(.text)
    __aeabi_memset                           0x08000295   Thumb Code    14  memseta.o(.text)
    __aeabi_memset4                          0x08000295   Thumb Code     0  memseta.o(.text)
    __aeabi_memset8                          0x08000295   Thumb Code     0  memseta.o(.text)
    __aeabi_memclr                           0x080002a3   Thumb Code     4  memseta.o(.text)
    __aeabi_memclr4                          0x080002a3   Thumb Code     0  memseta.o(.text)
    __aeabi_memclr8                          0x080002a3   Thumb Code     0  memseta.o(.text)
    _memset$wrapper                          0x080002a7   Thumb Code    18  memseta.o(.text)
    strncpy                                  0x080002b9   Thumb Code    24  strncpy.o(.text)
    __scatterload                            0x080002d1   Thumb Code    28  init.o(.text)
    __scatterload_rt2                        0x080002d1   Thumb Code     0  init.o(.text)
    GPIOInit                                 0x080002f5   Thumb Code    32  main.o(i.GPIOInit)
    GPIO_Init                                0x08000319   Thumb Code   162  stm32f4xx_gpio.o(i.GPIO_Init)
    GPIO_ToggleBits                          0x080003bb   Thumb Code     8  stm32f4xx_gpio.o(i.GPIO_ToggleBits)
    RCC_AHB1PeriphClockCmd                   0x080003c5   Thumb Code    18  stm32f4xx_rcc.o(i.RCC_AHB1PeriphClockCmd)
    SysTick_Handler                          0x08000491   Thumb Code    28  port.o(i.SysTick_Handler)
    SystemInit                               0x080004b1   Thumb Code    74  system_stm32f4xx.o(i.SystemInit)
    __scatterload_copy                       0x0800050d   Thumb Code    14  handlers.o(i.__scatterload_copy)
    __scatterload_null                       0x0800051b   Thumb Code     2  handlers.o(i.__scatterload_null)
    __scatterload_zeroinit                   0x0800051d   Thumb Code    14  handlers.o(i.__scatterload_zeroinit)
    main                                     0x0800052d   Thumb Code    98  main.o(i.main)
    myTask1                                  0x080005ad   Thumb Code    36  main.o(i.myTask1)
    myTask2                                  0x080005d5   Thumb Code    36  main.o(i.myTask2)
    myTask3                                  0x080005fd   Thumb Code    36  main.o(i.myTask3)
    myTask4                                  0x08000625   Thumb Code    36  main.o(i.myTask4)
    pvPortMalloc                             0x08000a2d   Thumb Code    78  heap_1.o(i.pvPortMalloc)
    pxPortInitialiseStack                    0x08000a89   Thumb Code    34  port.o(i.pxPortInitialiseStack)
    uxListRemove                             0x08000aab   Thumb Code    38  list.o(i.uxListRemove)
    vApplicationIdleHook                     0x08000ad1   Thumb Code    18  main.o(i.vApplicationIdleHook)
    vApplicationMallocFailedHook             0x08000ae9   Thumb Code     6  main.o(i.vApplicationMallocFailedHook)
    vApplicationTickHook                     0x08000af1   Thumb Code    18  main.o(i.vApplicationTickHook)
    vListInitialise                          0x08000b09   Thumb Code    22  list.o(i.vListInitialise)
    vListInitialiseItem                      0x08000b1f   Thumb Code     6  list.o(i.vListInitialiseItem)
    vListInsert                              0x08000b25   Thumb Code    48  list.o(i.vListInsert)
    vListInsertEnd                           0x08000b55   Thumb Code    28  list.o(i.vListInsertEnd)
    vPortEnterCritical                       0x08000b71   Thumb Code    16  port.o(i.vPortEnterCritical)
    vPortExitCritical                        0x08000b85   Thumb Code    16  port.o(i.vPortExitCritical)
    vPortFree                                0x08000b99   Thumb Code    14  heap_1.o(i.vPortFree)
    vPortSetupTimerInterrupt                 0x08000ba9   Thumb Code    26  port.o(i.vPortSetupTimerInterrupt)
    vPortYieldFromISR                        0x08000bc9   Thumb Code    10  port.o(i.vPortYieldFromISR)
    vQueueWaitForMessageRestricted           0x08000bd9   Thumb Code    56  queue.o(i.vQueueWaitForMessageRestricted)
    vTaskDelayUntil                          0x08000c11   Thumb Code    92  tasks.o(i.vTaskDelayUntil)
    vTaskIncrementTick                       0x08000c71   Thumb Code   180  tasks.o(i.vTaskIncrementTick)
    vTaskMissedYield                         0x08000d2d   Thumb Code     8  tasks.o(i.vTaskMissedYield)
    vTaskPlaceOnEventList                    0x08000d39   Thumb Code    60  tasks.o(i.vTaskPlaceOnEventList)
    vTaskPlaceOnEventListRestricted          0x08000d7d   Thumb Code    42  tasks.o(i.vTaskPlaceOnEventListRestricted)
    vTaskPriorityDisinherit                  0x08000dad   Thumb Code    64  tasks.o(i.vTaskPriorityDisinherit)
    vTaskPriorityInherit                     0x08000df5   Thumb Code    92  tasks.o(i.vTaskPriorityInherit)
    vTaskSetTimeOutState                     0x08000e59   Thumb Code    22  tasks.o(i.vTaskSetTimeOutState)
    vTaskStartScheduler                      0x08000e75   Thumb Code    68  tasks.o(i.vTaskStartScheduler)
    vTaskSuspendAll                          0x08000ec9   Thumb Code    10  tasks.o(i.vTaskSuspendAll)
    vTaskSwitchContext                       0x08000ed9   Thumb Code    78  tasks.o(i.vTaskSwitchContext)
    xPortStartScheduler                      0x08000f31   Thumb Code    52  port.o(i.xPortStartScheduler)
    xQueueGenericCreate                      0x08000f71   Thumb Code    70  queue.o(i.xQueueGenericCreate)
    xQueueGenericReceive                     0x08000fb9   Thumb Code   286  queue.o(i.xQueueGenericReceive)
    xQueueGenericReset                       0x080010d7   Thumb Code   106  queue.o(i.xQueueGenericReset)
    xQueueGenericSend                        0x08001141   Thumb Code   232  queue.o(i.xQueueGenericSend)
    xQueueGenericSendFromISR                 0x08001229   Thumb Code   116  queue.o(i.xQueueGenericSendFromISR)
    xTaskCheckForTimeOut                     0x0800129d   Thumb Code    88  tasks.o(i.xTaskCheckForTimeOut)
    xTaskGenericCreate                       0x080012f9   Thumb Code   366  tasks.o(i.xTaskGenericCreate)
    xTaskGetCurrentTaskHandle                0x08001471   Thumb Code     6  tasks.o(i.xTaskGetCurrentTaskHandle)
    xTaskGetSchedulerState                   0x0800147d   Thumb Code    22  tasks.o(i.xTaskGetSchedulerState)
    xTaskGetTickCount                        0x08001499   Thumb Code    18  tasks.o(i.xTaskGetTickCount)
    xTaskRemoveFromEventList                 0x080014b1   Thumb Code    88  tasks.o(i.xTaskRemoveFromEventList)
    xTaskResumeAll                           0x08001511   Thumb Code   168  tasks.o(i.xTaskResumeAll)
    xTimerCreateTimerTask                    0x080015c1   Thumb Code    52  timers.o(i.xTimerCreateTimerTask)
    xTimerGenericCommand                     0x08001605   Thumb Code    66  timers.o(i.xTimerGenericCommand)
    Region$$Table$$Base                      0x0800164c   Number         0  anon$$obj.o(Region$$Table)
    Region$$Table$$Limit                     0x0800166c   Number         0  anon$$obj.o(Region$$Table)
    hTimeTask                                0x20000000   Data           4  main.o(.data)
    u64Ticks                                 0x20000008   Data           8  main.o(.data)
    u64IdleTicksCnt                          0x20000010   Data           8  main.o(.data)
    SystemCoreClock                          0x20000018   Data           4  system_stm32f4xx.o(.data)
    AHBPrescTable                            0x2000001c   Data          16  system_stm32f4xx.o(.data)
    pxCurrentTCB                             0x20000038   Data           4  tasks.o(.data)
    __initial_sp                             0x200131a0   Data           0  startup_stm32f4xx.o(STACK)



==============================================================================

Memory Map of the image

  Image Entry point : 0x08000189

  Load Region LR_IROM1 (Base: 0x08000000, Size: 0x000016f0, Max: 0x00100000, ABSOLUTE)

    Execution Region ER_IROM1 (Base: 0x08000000, Size: 0x0000166c, Max: 0x00100000, ABSOLUTE)

    Base Addr    Size         Type   Attr      Idx    E Section Name        Object

    0x08000000   0x00000188   Data   RO          242    RESET               startup_stm32f4xx.o
    0x08000188   0x00000000   Code   RO         4810  * .ARM.Collect$$$$00000000  mc_w.l(entry.o)
    0x08000188   0x00000004   Code   RO         5084    .ARM.Collect$$$$00000001  mc_w.l(entry2.o)
    0x0800018c   0x00000004   Code   RO         5087    .ARM.Collect$$$$00000004  mc_w.l(entry5.o)
    0x08000190   0x00000000   Code   RO         5089    .ARM.Collect$$$$00000008  mc_w.l(entry7b.o)
    0x08000190   0x00000000   Code   RO         5091    .ARM.Collect$$$$0000000A  mc_w.l(entry8b.o)
    0x08000190   0x00000008   Code   RO         5092    .ARM.Collect$$$$0000000B  mc_w.l(entry9a.o)
    0x08000198   0x00000000   Code   RO         5094    .ARM.Collect$$$$0000000D  mc_w.l(entry10a.o)
    0x08000198   0x00000000   Code   RO         5096    .ARM.Collect$$$$0000000F  mc_w.l(entry11a.o)
    0x08000198   0x00000004   Code   RO         5085    .ARM.Collect$$$$00002712  mc_w.l(entry2.o)
    0x0800019c   0x000000b0   Code   RO         4287    .emb_text           port.o
    0x0800024c   0x00000024   Code   RO          243    .text               startup_stm32f4xx.o
    0x08000270   0x00000024   Code   RO         4813    .text               mc_w.l(memcpya.o)
    0x08000294   0x00000024   Code   RO         4815    .text               mc_w.l(memseta.o)
    0x080002b8   0x00000018   Code   RO         4819    .text               mc_w.l(strncpy.o)
    0x080002d0   0x00000024   Code   RO         5116    .text               mc_w.l(init.o)
    0x080002f4   0x00000024   Code   RO            2    i.GPIOInit          main.o
    0x08000318   0x000000a2   Code   RO         1718    i.GPIO_Init         stm32f4xx_gpio.o
    0x080003ba   0x00000008   Code   RO         1728    i.GPIO_ToggleBits   stm32f4xx_gpio.o
    0x080003c2   0x00000002   PAD
    0x080003c4   0x00000018   Code   RO         2303    i.RCC_AHB1PeriphClockCmd  stm32f4xx_rcc.o
    0x080003dc   0x000000b4   Code   RO          208    i.SetSysClock       system_stm32f4xx.o
    0x08000490   0x00000020   Code   RO         4288    i.SysTick_Handler   port.o
    0x080004b0   0x0000005c   Code   RO          210    i.SystemInit        system_stm32f4xx.o
    0x0800050c   0x0000000e   Code   RO         5130    i.__scatterload_copy  mc_w.l(handlers.o)
    0x0800051a   0x00000002   Code   RO         5131    i.__scatterload_null  mc_w.l(handlers.o)
    0x0800051c   0x0000000e   Code   RO         5132    i.__scatterload_zeroinit  mc_w.l(handlers.o)
    0x0800052a   0x00000002   PAD
    0x0800052c   0x00000080   Code   RO            3    i.main              main.o
    0x080005ac   0x00000028   Code   RO            4    i.myTask1           main.o
    0x080005d4   0x00000028   Code   RO            5    i.myTask2           main.o
    0x080005fc   0x00000028   Code   RO            6    i.myTask3           main.o
    0x08000624   0x00000028   Code   RO            7    i.myTask4           main.o
    0x0800064c   0x00000034   Code   RO         4497    i.prvAddCurrentTaskToDelayedList  tasks.o
    0x08000680   0x00000040   Code   RO         4736    i.prvCheckForValidListAndQueue  timers.o
    0x080006c0   0x00000054   Code   RO         4498    i.prvCheckTasksWaitingTermination  tasks.o
    0x08000714   0x00000028   Code   RO         4347    i.prvCopyDataFromQueue  queue.o
    0x0800073c   0x0000005a   Code   RO         4348    i.prvCopyDataToQueue  queue.o
    0x08000796   0x00000002   PAD
    0x08000798   0x0000001c   Code   RO         4499    i.prvIdleTask       tasks.o
    0x080007b4   0x00000038   Code   RO         4737    i.prvInsertTimerInActiveList  timers.o
    0x080007ec   0x000000a0   Code   RO         4738    i.prvProcessReceivedCommands  timers.o
    0x0800088c   0x0000008c   Code   RO         4739    i.prvProcessTimerOrBlockTask  timers.o
    0x08000918   0x00000028   Code   RO         4740    i.prvSampleTimeNow  timers.o
    0x08000940   0x00000064   Code   RO         4741    i.prvSwitchTimerLists  timers.o
    0x080009a4   0x00000024   Code   RO         4742    i.prvTimerTask      timers.o
    0x080009c8   0x00000064   Code   RO         4349    i.prvUnlockQueue    queue.o
    0x08000a2c   0x0000005c   Code   RO         4212    i.pvPortMalloc      heap_1.o
    0x08000a88   0x00000022   Code   RO         4289    i.pxPortInitialiseStack  port.o
    0x08000aaa   0x00000026   Code   RO         4251    i.uxListRemove      list.o
    0x08000ad0   0x00000018   Code   RO            8    i.vApplicationIdleHook  main.o
    0x08000ae8   0x00000006   Code   RO            9    i.vApplicationMallocFailedHook  main.o
    0x08000aee   0x00000002   PAD
    0x08000af0   0x00000018   Code   RO           10    i.vApplicationTickHook  main.o
    0x08000b08   0x00000016   Code   RO         4252    i.vListInitialise   list.o
    0x08000b1e   0x00000006   Code   RO         4253    i.vListInitialiseItem  list.o
    0x08000b24   0x00000030   Code   RO         4254    i.vListInsert       list.o
    0x08000b54   0x0000001c   Code   RO         4255    i.vListInsertEnd    list.o
    0x08000b70   0x00000014   Code   RO         4291    i.vPortEnterCritical  port.o
    0x08000b84   0x00000014   Code   RO         4292    i.vPortExitCritical  port.o
    0x08000b98   0x0000000e   Code   RO         4213    i.vPortFree         heap_1.o
    0x08000ba6   0x00000002   PAD
    0x08000ba8   0x00000020   Code   RO         4293    i.vPortSetupTimerInterrupt  port.o
    0x08000bc8   0x00000010   Code   RO         4294    i.vPortYieldFromISR  port.o
    0x08000bd8   0x00000038   Code   RO         4357    i.vQueueWaitForMessageRestricted  queue.o
    0x08000c10   0x00000060   Code   RO         4505    i.vTaskDelayUntil   tasks.o
    0x08000c70   0x000000bc   Code   RO         4508    i.vTaskIncrementTick  tasks.o
    0x08000d2c   0x0000000c   Code   RO         4510    i.vTaskMissedYield  tasks.o
    0x08000d38   0x00000044   Code   RO         4511    i.vTaskPlaceOnEventList  tasks.o
    0x08000d7c   0x00000030   Code   RO         4512    i.vTaskPlaceOnEventListRestricted  tasks.o
    0x08000dac   0x00000048   Code   RO         4513    i.vTaskPriorityDisinherit  tasks.o
    0x08000df4   0x00000064   Code   RO         4514    i.vTaskPriorityInherit  tasks.o
    0x08000e58   0x0000001c   Code   RO         4518    i.vTaskSetTimeOutState  tasks.o
    0x08000e74   0x00000054   Code   RO         4519    i.vTaskStartScheduler  tasks.o
    0x08000ec8   0x00000010   Code   RO         4521    i.vTaskSuspendAll   tasks.o
    0x08000ed8   0x00000058   Code   RO         4522    i.vTaskSwitchContext  tasks.o
    0x08000f30   0x00000040   Code   RO         4295    i.xPortStartScheduler  port.o
    0x08000f70   0x00000046   Code   RO         4360    i.xQueueGenericCreate  queue.o
    0x08000fb6   0x00000002   PAD
    0x08000fb8   0x0000011e   Code   RO         4361    i.xQueueGenericReceive  queue.o
    0x080010d6   0x0000006a   Code   RO         4362    i.xQueueGenericReset  queue.o
    0x08001140   0x000000e8   Code   RO         4363    i.xQueueGenericSend  queue.o
    0x08001228   0x00000074   Code   RO         4364    i.xQueueGenericSendFromISR  queue.o
    0x0800129c   0x0000005c   Code   RO         4523    i.xTaskCheckForTimeOut  tasks.o
    0x080012f8   0x00000178   Code   RO         4524    i.xTaskGenericCreate  tasks.o
    0x08001470   0x0000000c   Code   RO         4525    i.xTaskGetCurrentTaskHandle  tasks.o
    0x0800147c   0x0000001c   Code   RO         4526    i.xTaskGetSchedulerState  tasks.o
    0x08001498   0x00000018   Code   RO         4527    i.xTaskGetTickCount  tasks.o
    0x080014b0   0x00000060   Code   RO         4530    i.xTaskRemoveFromEventList  tasks.o
    0x08001510   0x000000b0   Code   RO         4531    i.xTaskResumeAll    tasks.o
    0x080015c0   0x00000044   Code   RO         4745    i.xTimerCreateTimerTask  timers.o
    0x08001604   0x00000048   Code   RO         4746    i.xTimerGenericCommand  timers.o
    0x0800164c   0x00000020   Data   RO         5128    Region$$Table       anon$$obj.o


    Execution Region RW_IRAM1 (Base: 0x20000000, Size: 0x000131a0, Max: 0x00020000, ABSOLUTE)

    Base Addr    Size         Type   Attr      Idx    E Section Name        Object

    0x20000000   0x00000018   Data   RW           11    .data               main.o
    0x20000018   0x00000014   Data   RW          211    .data               system_stm32f4xx.o
    0x2000002c   0x00000008   Data   RW         4217    .data               heap_1.o
    0x20000034   0x00000004   Data   RW         4296    .data               port.o
    0x20000038   0x0000003c   Data   RW         4534    .data               tasks.o
    0x20000074   0x00000010   Data   RW         4749    .data               timers.o
    0x20000084   0x00012c00   Zero   RW         4216    .bss                heap_1.o
    0x20012c84   0x000000f0   Zero   RW         4533    .bss                tasks.o
    0x20012d74   0x00000028   Zero   RW         4748    .bss                timers.o
    0x20012d9c   0x00000004   PAD
    0x20012da0   0x00000400   Zero   RW          240    STACK               startup_stm32f4xx.o


==============================================================================

Image component sizes


      Code (inc. data)   RO Data    RW Data    ZI Data      Debug   Object Name

       106         14          0          8      76800       3423   heap_1.o
       142          0          0          0          0       3070   list.o
       378         62          0         24          0     229061   main.o
       394         52          0          4          0       6268   port.o
      1096          0          0          0          0      11234   queue.o
        36          8        392          0       1024        828   startup_stm32f4xx.o
       170          0          0          0          0       1482   stm32f4xx_gpio.o
        24          6          0          0          0        549   stm32f4xx_rcc.o
       272         36          0         20          0       1821   system_stm32f4xx.o
      1768        148          0         60        240      20068   tasks.o
       736         60          0         16         40       7191   timers.o

    ----------------------------------------------------------------------
      5132        386        424        132      78108     284995   Object Totals
         0          0         32          0          0          0   (incl. Generated)
        10          0          0          0          4          0   (incl. Padding)

    ----------------------------------------------------------------------

      Code (inc. data)   RO Data    RW Data    ZI Data      Debug   Library Member Name

         0          0          0          0          0          0   entry.o
         0          0          0          0          0          0   entry10a.o
         0          0          0          0          0          0   entry11a.o
         8          4          0          0          0          0   entry2.o
         4          0          0          0          0          0   entry5.o
         0          0          0          0          0          0   entry7b.o
         0          0          0          0          0          0   entry8b.o
         8          4          0          0          0          0   entry9a.o
        30          0          0          0          0          0   handlers.o
        36          8          0          0          0         68   init.o
        36          0          0          0          0         68   memcpya.o
        36          0          0          0          0        108   memseta.o
        24          0          0          0          0         76   strncpy.o

    ----------------------------------------------------------------------
       184         16          0          0          0        320   Library Totals
         2          0          0          0          0          0   (incl. Padding)

    ----------------------------------------------------------------------

      Code (inc. data)   RO Data    RW Data    ZI Data      Debug   Library Name

       182         16          0          0          0        320   mc_w.l

    ----------------------------------------------------------------------
       184         16          0          0          0        320   Library Totals

    ----------------------------------------------------------------------

==============================================================================


      Code (inc. data)   RO Data    RW Data    ZI Data      Debug   

      5316        402        424        132      78108     279215   Grand Totals
      5316        402        424        132      78108     279215   ELF Image Totals
      5316        402        424        132          0          0   ROM Totals

==============================================================================

    Total RO  Size (Code + RO Data)                 5740 (   5.61kB)
    Total RW  Size (RW Data + ZI Data)             78240 (  76.41kB)
    Total ROM Size (Code + RO Data + RW Data)       5872 (   5.73kB)

==============================================================================

