<html>
<body>
<pre>
<h1>µVision Build Log</h1>
<h2>Tool Versions:</h2>
IDE-Version: µVision V5.13.0.0
Copyright (C) 2014 ARM Ltd and ARM Germany GmbH. All rights reserved.
License Information: hoang cdt, hoangcdt, LIC=MGX8T-RVF83-BWZ2G-VD65W-4DUAQ-KHK04
 
Tool Versions:
Toolchain:       MDK-ARM Professional  Version: 5.13.0.0
Toolchain Path:  E:\chuongtrinh\keinc\ARM\ARMCC\Bin
C Compiler:      Armcc.exe V5.05 update 1 (build 106)
Assembler:       Armasm.exe V5.05 update 1 (build 106)
Linker/Locator:  ArmLink.exe V5.05 update 1 (build 106)
Library Manager: ArmAr.exe V5.05 update 1 (build 106)
Hex Converter:   FromElf.exe V5.05 update 1 (build 106)
CPU DLL:         SARMCM3.DLL V5.13.0.0
Dialog DLL:      DCM.DLL V1.13.1.0
Target DLL:      STLink\ST-LINKIII-KEIL_SWO.dll V2.0.14.0_KEIL
Dialog DLL:      TCM.DLL V1.14.4.0
 
<h2>Project:</h2>
C:\Users\hoangcdt\Desktop\STM32F407VGT6_FreeRTOS_7_4\STM32F407VGT6.uvprojx
Project File Date:  12/10/2015

<h2>Output:</h2>
Build target 'Target 1'
compiling main.c...
src\main.c(85): warning:  #167-D: argument of type "void (*)()" is incompatible with parameter of type "pdTASK_CODE"
      xTaskCreate( myTask1, (signed char *) "TIME", configMINIMAL_STACK_SIZE, 
src\main.c(89): warning:  #167-D: argument of type "void (*)()" is incompatible with parameter of type "pdTASK_CODE"
      xTaskCreate( myTask2, (signed char *) "TIME", configMINIMAL_STACK_SIZE, 
src\main.c(91): warning:  #167-D: argument of type "void (*)()" is incompatible with parameter of type "pdTASK_CODE"
                xTaskCreate( myTask3, (signed char *) "TIME", configMINIMAL_STACK_SIZE, 
src\main.c(93): warning:  #167-D: argument of type "void (*)()" is incompatible with parameter of type "pdTASK_CODE"
                xTaskCreate( myTask4, (signed char *) "TIME", configMINIMAL_STACK_SIZE, 
src\main.c: 4 warnings, 0 errors
linking...
Program Size: Code=5316 RO-data=424 RW-data=132 ZI-data=78108  
FromELF: creating hex file...
".\output\STM32F407VGT6.axf" - 0 Error(s), 4 Warning(s).

<h2>Collection of Component include folders:</h2>
  C:\Users\hoangcdt\Desktop\STM32F407VGT6_FreeRTOS_7_4\RTE
  E:\chuongtrinh\keinc\ARM\PACK\Keil\STM32F4xx_DFP\2.6.0

<h2>Collection of Component Files used:</h2>
</pre>
</body>
</html>
